Component: ARM Compiler 5.06 update 7 (build 960) Tool: armlink [4d3601]

==============================================================================

Section Cross References

    startup_stm32f10x_ld.o(STACK) refers (Special) to heapauxi.o(.text) for __use_two_region_memory
    startup_stm32f10x_ld.o(HEAP) refers (Special) to heapauxi.o(.text) for __use_two_region_memory
    startup_stm32f10x_ld.o(RESET) refers (Special) to heapauxi.o(.text) for __use_two_region_memory
    startup_stm32f10x_ld.o(RESET) refers to startup_stm32f10x_ld.o(STACK) for __initial_sp
    startup_stm32f10x_ld.o(RESET) refers to startup_stm32f10x_ld.o(.text) for Reset_Handler
    startup_stm32f10x_ld.o(RESET) refers to systick.o(i.SysTick_Handler) for SysTick_Handler
    startup_stm32f10x_ld.o(RESET) refers to exti.o(i.EXTI0_IRQHandler) for EXTI0_IRQHandler
    startup_stm32f10x_ld.o(RESET) refers to exti.o(i.EXTI1_IRQHandler) for EXTI1_IRQHandler
    startup_stm32f10x_ld.o(RESET) refers to exti.o(i.EXTI2_IRQHandler) for EXTI2_IRQHandler
    startup_stm32f10x_ld.o(RESET) refers to exti.o(i.EXTI3_IRQHandler) for EXTI3_IRQHandler
    startup_stm32f10x_ld.o(RESET) refers to exti.o(i.EXTI4_IRQHandler) for EXTI4_IRQHandler
    startup_stm32f10x_ld.o(RESET) refers to can.o(i.USB_LP_CAN1_RX0_IRQHandler) for USB_LP_CAN1_RX0_IRQHandler
    startup_stm32f10x_ld.o(RESET) refers to timer.o(i.TIM2_IRQHandler) for TIM2_IRQHandler
    startup_stm32f10x_ld.o(RESET) refers to timer.o(i.TIM3_IRQHandler) for TIM3_IRQHandler
    startup_stm32f10x_ld.o(RESET) refers to usart.o(i.USART1_IRQHandler) for USART1_IRQHandler
    startup_stm32f10x_ld.o(RESET) refers to usart.o(i.USART2_IRQHandler) for USART2_IRQHandler
    startup_stm32f10x_ld.o(.text) refers (Special) to heapauxi.o(.text) for __use_two_region_memory
    startup_stm32f10x_ld.o(.text) refers to __main.o(!!!main) for __main
    startup_stm32f10x_ld.o(.text) refers to startup_stm32f10x_ld.o(HEAP) for Heap_Mem
    startup_stm32f10x_ld.o(.text) refers to startup_stm32f10x_ld.o(STACK) for Stack_Mem
    stepmotor_armv5.o(i.main) refers to sys.o(i.Stm32_Clock_Init) for Stm32_Clock_Init
    stepmotor_armv5.o(i.main) refers to port.o(i.PORT_Init) for PORT_Init
    stepmotor_armv5.o(i.main) refers to delay.o(i.delay_ms) for delay_ms
    stepmotor_armv5.o(i.main) refers to spi.o(i.SPI1_Init) for SPI1_Init
    stepmotor_armv5.o(i.main) refers to oled.o(i.OLED_Init) for OLED_Init
    stepmotor_armv5.o(i.main) refers to usart.o(i.uart_init2) for uart_init2
    stepmotor_armv5.o(i.main) refers to timer.o(i.Timer2_Init) for Timer2_Init
    stepmotor_armv5.o(i.main) refers to can.o(i.CAN_Mode_Init) for CAN_Mode_Init
    stepmotor_armv5.o(i.main) refers to sys.o(i.JTAG_Set) for JTAG_Set
    stepmotor_armv5.o(i.main) refers to oled.o(i.OLED_ShowString) for OLED_ShowString
    stepmotor_armv5.o(i.main) refers to oled.o(i.OLED_Clear) for OLED_Clear
    stepmotor_armv5.o(i.main) refers to oled.o(i.OLED_ShowNum) for OLED_ShowNum
    stepmotor_armv5.o(i.main) refers to stepmotor_armv5.o(i.hex2char) for hex2char
    stepmotor_armv5.o(i.main) refers to oled.o(i.OLED_ShowChar) for OLED_ShowChar
    stepmotor_armv5.o(i.main) refers to stepmotor_armv5.o(.data) for u8Led0_Counter
    stepmotor_armv5.o(i.main) refers to usart.o(.data) for key_press
    stepmotor_armv5.o(i.main) refers to can.o(.data) for CAN_RX_Flag
    stepmotor_armv5.o(i.main) refers to stepmotor_armv5.o(.bss) for h2c
    delay.o(i.delay_ms) refers to delay.o(i.delay_us) for delay_us
    sys.o(i.MYRCC_DeInit) refers to sys.o(i.MY_NVIC_SetVectorTable) for MY_NVIC_SetVectorTable
    sys.o(i.MY_NVIC_Init) refers to sys.o(i.MY_NVIC_PriorityGroupConfig) for MY_NVIC_PriorityGroupConfig
    sys.o(i.Stm32_Clock_Init) refers to sys.o(i.MYRCC_DeInit) for MYRCC_DeInit
    sys.o(i.Sys_Standby) refers to sys.o(i.WFI_SET) for WFI_SET
    usart.o(i.UART1ComReply) refers to usart.o(.bss) for USART1_TX_BUF
    usart.o(i.UART1ComReply) refers to usart.o(.data) for TxD1pt
    usart.o(i.UART2ComReply) refers to usart.o(.bss) for USART2_TX_BUF
    usart.o(i.UART2ComReply) refers to usart.o(.data) for TxD2pt
    usart.o(i.USART1_IRQHandler) refers to usart.o(i.UART1ComReply) for UART1ComReply
    usart.o(i.USART1_IRQHandler) refers to usart.o(.data) for TxD1pt
    usart.o(i.USART1_IRQHandler) refers to usart.o(.bss) for USART1_TX_BUF
    usart.o(i.USART2_IRQHandler) refers to usart.o(.data) for rData1Temp
    usart.o(i.USART2_IRQHandler) refers to usart.o(.bss) for USART2_RX_BUF
    usart.o(i.uart_init1) refers to fflt_clz.o(x$fpl$ffltu) for __aeabi_ui2f
    usart.o(i.uart_init1) refers to fdiv.o(x$fpl$fdiv) for __aeabi_fdiv
    usart.o(i.uart_init1) refers to ffixu.o(x$fpl$ffixu) for __aeabi_f2uiz
    usart.o(i.uart_init1) refers to faddsub_clz.o(x$fpl$frsb) for __aeabi_frsub
    usart.o(i.uart_init1) refers to fmul.o(x$fpl$fmul) for __aeabi_fmul
    usart.o(i.uart_init1) refers to sys.o(i.MY_NVIC_Init) for MY_NVIC_Init
    usart.o(i.uart_init2) refers to fflt_clz.o(x$fpl$ffltu) for __aeabi_ui2f
    usart.o(i.uart_init2) refers to fdiv.o(x$fpl$fdiv) for __aeabi_fdiv
    usart.o(i.uart_init2) refers to ffixu.o(x$fpl$ffixu) for __aeabi_f2uiz
    usart.o(i.uart_init2) refers to faddsub_clz.o(x$fpl$frsb) for __aeabi_frsub
    usart.o(i.uart_init2) refers to fmul.o(x$fpl$fmul) for __aeabi_fmul
    usart.o(i.uart_init2) refers to sys.o(i.MY_NVIC_Init) for MY_NVIC_Init
    spi.o(i.SPI1_Init) refers to spi.o(i.SPI1_ReadWriteByte) for SPI1_ReadWriteByte
    spi.o(i.SPI2_IRQHandler) refers to spi.o(.data) for u8Led1_Count
    spi.o(i.SPI2_Init) refers to spi.o(i.SPI2_ReadWriteByte) for SPI2_ReadWriteByte
    stmflash.o(i.STMFLASH_ErasePage) refers to stmflash.o(i.STMFLASH_WaitDone) for STMFLASH_WaitDone
    stmflash.o(i.STMFLASH_Read) refers to stmflash.o(i.STMFLASH_ReadHalfWord) for STMFLASH_ReadHalfWord
    stmflash.o(i.STMFLASH_WaitDone) refers to stmflash.o(i.STMFLASH_GetStatus) for STMFLASH_GetStatus
    stmflash.o(i.STMFLASH_WaitDone) refers to delay.o(i.delay_us) for delay_us
    stmflash.o(i.STMFLASH_Write) refers to stmflash.o(i.STMFLASH_Unlock) for STMFLASH_Unlock
    stmflash.o(i.STMFLASH_Write) refers to stmflash.o(i.STMFLASH_Read) for STMFLASH_Read
    stmflash.o(i.STMFLASH_Write) refers to stmflash.o(i.STMFLASH_ErasePage) for STMFLASH_ErasePage
    stmflash.o(i.STMFLASH_Write) refers to stmflash.o(i.STMFLASH_Write_NoCheck) for STMFLASH_Write_NoCheck
    stmflash.o(i.STMFLASH_Write) refers to stmflash.o(i.STMFLASH_Lock) for STMFLASH_Lock
    stmflash.o(i.STMFLASH_Write) refers to stmflash.o(.bss) for STMFLASH_BUF
    stmflash.o(i.STMFLASH_WriteHalfWord) refers to stmflash.o(i.STMFLASH_WaitDone) for STMFLASH_WaitDone
    stmflash.o(i.STMFLASH_Write_NoCheck) refers to stmflash.o(i.STMFLASH_WriteHalfWord) for STMFLASH_WriteHalfWord
    stmflash.o(i.Test_Write) refers to stmflash.o(i.STMFLASH_Write) for STMFLASH_Write
    systick.o(i.SysTick_Handler) refers to systick.o(.data) for u8Led1_Counter
    timer.o(i.TIM2_IRQHandler) refers to timer.o(.data) for t2
    timer.o(i.Timer2_Init) refers to sys.o(i.MY_NVIC_Init) for MY_NVIC_Init
    exti.o(i.EXTI0_IRQHandler) refers to exti.o(.data) for EXIT0_flag
    exti.o(i.EXTI1_IRQHandler) refers to exti.o(.data) for u16Exti0Count
    exti.o(i.EXTIX_Init) refers to sys.o(i.Ex_NVIC_Config) for Ex_NVIC_Config
    exti.o(i.EXTIX_Init) refers to sys.o(i.MY_NVIC_Init) for MY_NVIC_Init
    oled.o(i.LCD_Set_Pos) refers to oled.o(i.OLED_WR_Byte) for OLED_WR_Byte
    oled.o(i.OLED_Clear) refers to oled.o(i.OLED_Refresh_Gram) for OLED_Refresh_Gram
    oled.o(i.OLED_Clear) refers to oled.o(.bss) for OLED_GRAM
    oled.o(i.OLED_Display_Off) refers to oled.o(i.OLED_WR_Byte) for OLED_WR_Byte
    oled.o(i.OLED_Display_On) refers to oled.o(i.OLED_WR_Byte) for OLED_WR_Byte
    oled.o(i.OLED_DrawPoint) refers to oled.o(i.LCD_Set_Pos) for LCD_Set_Pos
    oled.o(i.OLED_DrawPoint) refers to oled.o(i.OLED_WR_Byte) for OLED_WR_Byte
    oled.o(i.OLED_DrawPoint) refers to oled.o(.bss) for OLED_GRAM
    oled.o(i.OLED_Fill) refers to oled.o(i.OLED_DrawPoint) for OLED_DrawPoint
    oled.o(i.OLED_Fill) refers to oled.o(i.OLED_Refresh_Gram) for OLED_Refresh_Gram
    oled.o(i.OLED_Init) refers to oled.o(i.OLED_WR_Byte) for OLED_WR_Byte
    oled.o(i.OLED_Init) refers to oled.o(i.OLED_Clear) for OLED_Clear
    oled.o(i.OLED_Refresh_Gram) refers to oled.o(i.OLED_WR_Byte) for OLED_WR_Byte
    oled.o(i.OLED_Refresh_Gram) refers to oled.o(.bss) for OLED_GRAM
    oled.o(i.OLED_ShowCHinese) refers to oled.o(i.OLED_DrawPoint) for OLED_DrawPoint
    oled.o(i.OLED_ShowCHinese) refers to oled.o(.constdata) for CHINESE
    oled.o(i.OLED_ShowChar) refers to oled.o(i.OLED_DrawPoint) for OLED_DrawPoint
    oled.o(i.OLED_ShowChar) refers to oled.o(.constdata) for oled_asc2_1206
    oled.o(i.OLED_ShowNum) refers to oled.o(i.oled_pow) for oled_pow
    oled.o(i.OLED_ShowNum) refers to oled.o(i.OLED_ShowChar) for OLED_ShowChar
    oled.o(i.OLED_ShowString) refers to oled.o(i.OLED_Clear) for OLED_Clear
    oled.o(i.OLED_ShowString) refers to oled.o(i.OLED_ShowChar) for OLED_ShowChar
    oled.o(i.OLED_WR_Byte) refers to spi.o(i.SPI1_ReadWriteByte) for SPI1_ReadWriteByte
    can.o(i.CAN_Mode_Init) refers to sys.o(i.MY_NVIC_Init) for MY_NVIC_Init
    can.o(i.CAN_Receive_Msg) refers to can.o(i.CAN_Msg_Pend) for CAN_Msg_Pend
    can.o(i.CAN_Receive_Msg) refers to can.o(i.CAN_Rx_Msg) for CAN_Rx_Msg
    can.o(i.CAN_Send_Msg) refers to can.o(i.CAN_Tx_Msg) for CAN_Tx_Msg
    can.o(i.CAN_Send_Msg) refers to can.o(i.CAN_Tx_Staus) for CAN_Tx_Staus
    can.o(i.USB_LP_CAN1_RX0_IRQHandler) refers to can.o(i.CAN_Rx_Msg) for CAN_Rx_Msg
    can.o(i.USB_LP_CAN1_RX0_IRQHandler) refers to can.o(.data) for CAN_RX_BUF
    __main.o(!!!main) refers to __rtentry.o(.ARM.Collect$$rtentry$$00000000) for __rt_entry
    faddsub_clz.o(x$fpl$fadd) refers (Special) to usenofp.o(x$fpl$usenofp) for __I$use$fp
    faddsub_clz.o(x$fpl$fadd) refers to faddsub_clz.o(x$fpl$fsub) for _fsub1
    faddsub_clz.o(x$fpl$fadd) refers to fretinf.o(x$fpl$fretinf) for __fpl_fretinf
    faddsub_clz.o(x$fpl$fadd) refers to fnaninf.o(x$fpl$fnaninf) for __fpl_fnaninf
    faddsub_clz.o(x$fpl$frsb) refers (Special) to usenofp.o(x$fpl$usenofp) for __I$use$fp
    faddsub_clz.o(x$fpl$frsb) refers to faddsub_clz.o(x$fpl$fadd) for _fadd1
    faddsub_clz.o(x$fpl$frsb) refers to faddsub_clz.o(x$fpl$fsub) for _fsub1
    faddsub_clz.o(x$fpl$fsub) refers (Special) to usenofp.o(x$fpl$usenofp) for __I$use$fp
    faddsub_clz.o(x$fpl$fsub) refers to faddsub_clz.o(x$fpl$fadd) for _fadd1
    faddsub_clz.o(x$fpl$fsub) refers to fnaninf.o(x$fpl$fnaninf) for __fpl_fnaninf
    fdiv.o(x$fpl$frdiv) refers (Special) to usenofp.o(x$fpl$usenofp) for __I$use$fp
    fdiv.o(x$fpl$frdiv) refers to fdiv.o(x$fpl$fdiv) for _fdiv1
    fdiv.o(x$fpl$fdiv) refers (Special) to usenofp.o(x$fpl$usenofp) for __I$use$fp
    fdiv.o(x$fpl$fdiv) refers to fretinf.o(x$fpl$fretinf) for __fpl_fretinf
    fdiv.o(x$fpl$fdiv) refers to fnaninf.o(x$fpl$fnaninf) for __fpl_fnaninf
    ffixu.o(x$fpl$ffixu) refers (Special) to usenofp.o(x$fpl$usenofp) for __I$use$fp
    ffixu.o(x$fpl$ffixu) refers to fnaninf.o(x$fpl$fnaninf) for __fpl_fnaninf
    ffixu.o(x$fpl$ffixur) refers (Special) to usenofp.o(x$fpl$usenofp) for __I$use$fp
    ffixu.o(x$fpl$ffixur) refers to fnaninf.o(x$fpl$fnaninf) for __fpl_fnaninf
    fflt_clz.o(x$fpl$ffltu) refers (Special) to usenofp.o(x$fpl$usenofp) for __I$use$fp
    fflt_clz.o(x$fpl$fflt) refers (Special) to usenofp.o(x$fpl$usenofp) for __I$use$fp
    fflt_clz.o(x$fpl$ffltn) refers (Special) to usenofp.o(x$fpl$usenofp) for __I$use$fp
    fmul.o(x$fpl$fmul) refers (Special) to usenofp.o(x$fpl$usenofp) for __I$use$fp
    fmul.o(x$fpl$fmul) refers to fretinf.o(x$fpl$fretinf) for __fpl_fretinf
    fmul.o(x$fpl$fmul) refers to fnaninf.o(x$fpl$fnaninf) for __fpl_fnaninf
    __rtentry.o(.ARM.Collect$$rtentry$$00000000) refers (Special) to __rtentry2.o(.ARM.Collect$$rtentry$$0000000A) for __rt_entry_li
    __rtentry.o(.ARM.Collect$$rtentry$$00000000) refers (Special) to __rtentry2.o(.ARM.Collect$$rtentry$$0000000D) for __rt_entry_main
    __rtentry.o(.ARM.Collect$$rtentry$$00000000) refers (Special) to __rtentry2.o(.ARM.Collect$$rtentry$$0000000C) for __rt_entry_postli_1
    __rtentry.o(.ARM.Collect$$rtentry$$00000000) refers (Special) to __rtentry2.o(.ARM.Collect$$rtentry$$00000009) for __rt_entry_postsh_1
    __rtentry.o(.ARM.Collect$$rtentry$$00000000) refers (Special) to __rtentry2.o(.ARM.Collect$$rtentry$$00000002) for __rt_entry_presh_1
    __rtentry.o(.ARM.Collect$$rtentry$$00000000) refers (Special) to __rtentry4.o(.ARM.Collect$$rtentry$$00000004) for __rt_entry_sh
    fnaninf.o(x$fpl$fnaninf) refers (Special) to usenofp.o(x$fpl$usenofp) for __I$use$fp
    fretinf.o(x$fpl$fretinf) refers (Special) to usenofp.o(x$fpl$usenofp) for __I$use$fp
    __rtentry2.o(.ARM.Collect$$rtentry$$00000008) refers to boardinit2.o(.text) for _platform_post_stackheap_init
    __rtentry2.o(.ARM.Collect$$rtentry$$0000000A) refers to libinit.o(.ARM.Collect$$libinit$$00000000) for __rt_lib_init
    __rtentry2.o(.ARM.Collect$$rtentry$$0000000B) refers to boardinit3.o(.text) for _platform_post_lib_init
    __rtentry2.o(.ARM.Collect$$rtentry$$0000000D) refers to stepmotor_armv5.o(i.main) for main
    __rtentry2.o(.ARM.Collect$$rtentry$$0000000D) refers to exit.o(.text) for exit
    __rtentry2.o(.ARM.exidx) refers to __rtentry2.o(.ARM.Collect$$rtentry$$00000001) for .ARM.Collect$$rtentry$$00000001
    __rtentry2.o(.ARM.exidx) refers to __rtentry2.o(.ARM.Collect$$rtentry$$00000008) for .ARM.Collect$$rtentry$$00000008
    __rtentry2.o(.ARM.exidx) refers to __rtentry2.o(.ARM.Collect$$rtentry$$0000000A) for .ARM.Collect$$rtentry$$0000000A
    __rtentry2.o(.ARM.exidx) refers to __rtentry2.o(.ARM.Collect$$rtentry$$0000000B) for .ARM.Collect$$rtentry$$0000000B
    __rtentry2.o(.ARM.exidx) refers to __rtentry2.o(.ARM.Collect$$rtentry$$0000000D) for .ARM.Collect$$rtentry$$0000000D
    __rtentry4.o(.ARM.Collect$$rtentry$$00000004) refers to sys_stackheap_outer.o(.text) for __user_setup_stackheap
    __rtentry4.o(.ARM.exidx) refers to __rtentry4.o(.ARM.Collect$$rtentry$$00000004) for .ARM.Collect$$rtentry$$00000004
    sys_stackheap_outer.o(.text) refers to libspace.o(.text) for __user_perproc_libspace
    sys_stackheap_outer.o(.text) refers to startup_stm32f10x_ld.o(.text) for __user_initial_stackheap
    exit.o(.text) refers to rtexit.o(.ARM.Collect$$rtexit$$00000000) for __rt_exit
    libinit.o(.ARM.Collect$$libinit$$00000000) refers (Special) to libinit2.o(.ARM.Collect$$libinit$$0000002E) for __rt_lib_init_alloca_1
    libinit.o(.ARM.Collect$$libinit$$00000000) refers (Special) to libinit2.o(.ARM.Collect$$libinit$$0000002C) for __rt_lib_init_argv_1
    libinit.o(.ARM.Collect$$libinit$$00000000) refers (Special) to libinit2.o(.ARM.Collect$$libinit$$0000001B) for __rt_lib_init_atexit_1
    libinit.o(.ARM.Collect$$libinit$$00000000) refers (Special) to libinit2.o(.ARM.Collect$$libinit$$00000021) for __rt_lib_init_clock_1
    libinit.o(.ARM.Collect$$libinit$$00000000) refers (Special) to libinit2.o(.ARM.Collect$$libinit$$00000032) for __rt_lib_init_cpp_1
    libinit.o(.ARM.Collect$$libinit$$00000000) refers (Special) to libinit2.o(.ARM.Collect$$libinit$$00000030) for __rt_lib_init_exceptions_1
    libinit.o(.ARM.Collect$$libinit$$00000000) refers (Special) to libinit2.o(.ARM.Collect$$libinit$$00000002) for __rt_lib_init_fp_1
    libinit.o(.ARM.Collect$$libinit$$00000000) refers (Special) to libinit2.o(.ARM.Collect$$libinit$$0000001F) for __rt_lib_init_fp_trap_1
    libinit.o(.ARM.Collect$$libinit$$00000000) refers (Special) to libinit2.o(.ARM.Collect$$libinit$$00000023) for __rt_lib_init_getenv_1
    libinit.o(.ARM.Collect$$libinit$$00000000) refers (Special) to libinit2.o(.ARM.Collect$$libinit$$0000000A) for __rt_lib_init_heap_1
    libinit.o(.ARM.Collect$$libinit$$00000000) refers (Special) to libinit2.o(.ARM.Collect$$libinit$$00000011) for __rt_lib_init_lc_collate_1
    libinit.o(.ARM.Collect$$libinit$$00000000) refers (Special) to libinit2.o(.ARM.Collect$$libinit$$00000013) for __rt_lib_init_lc_ctype_1
    libinit.o(.ARM.Collect$$libinit$$00000000) refers (Special) to libinit2.o(.ARM.Collect$$libinit$$00000015) for __rt_lib_init_lc_monetary_1
    libinit.o(.ARM.Collect$$libinit$$00000000) refers (Special) to libinit2.o(.ARM.Collect$$libinit$$00000017) for __rt_lib_init_lc_numeric_1
    libinit.o(.ARM.Collect$$libinit$$00000000) refers (Special) to libinit2.o(.ARM.Collect$$libinit$$00000019) for __rt_lib_init_lc_time_1
    libinit.o(.ARM.Collect$$libinit$$00000000) refers (Special) to libinit2.o(.ARM.Collect$$libinit$$00000004) for __rt_lib_init_preinit_1
    libinit.o(.ARM.Collect$$libinit$$00000000) refers (Special) to libinit2.o(.ARM.Collect$$libinit$$0000000E) for __rt_lib_init_rand_1
    libinit.o(.ARM.Collect$$libinit$$00000000) refers (Special) to libinit2.o(.ARM.Collect$$libinit$$00000033) for __rt_lib_init_return
    libinit.o(.ARM.Collect$$libinit$$00000000) refers (Special) to libinit2.o(.ARM.Collect$$libinit$$0000001D) for __rt_lib_init_signal_1
    libinit.o(.ARM.Collect$$libinit$$00000000) refers (Special) to libinit2.o(.ARM.Collect$$libinit$$00000025) for __rt_lib_init_stdio_1
    libinit.o(.ARM.Collect$$libinit$$00000000) refers (Special) to libinit2.o(.ARM.Collect$$libinit$$0000000C) for __rt_lib_init_user_alloc_1
    libspace.o(.text) refers to libspace.o(.bss) for __libspace_start
    rtexit.o(.ARM.Collect$$rtexit$$00000000) refers (Special) to rtexit2.o(.ARM.Collect$$rtexit$$00000004) for __rt_exit_exit
    rtexit.o(.ARM.Collect$$rtexit$$00000000) refers (Special) to rtexit2.o(.ARM.Collect$$rtexit$$00000003) for __rt_exit_ls
    rtexit.o(.ARM.Collect$$rtexit$$00000000) refers (Special) to rtexit2.o(.ARM.Collect$$rtexit$$00000002) for __rt_exit_prels_1
    rtexit.o(.ARM.exidx) refers (Special) to rtexit2.o(.ARM.Collect$$rtexit$$00000004) for __rt_exit_exit
    rtexit.o(.ARM.exidx) refers (Special) to rtexit2.o(.ARM.Collect$$rtexit$$00000003) for __rt_exit_ls
    rtexit.o(.ARM.exidx) refers (Special) to rtexit2.o(.ARM.Collect$$rtexit$$00000002) for __rt_exit_prels_1
    rtexit.o(.ARM.exidx) refers to rtexit.o(.ARM.Collect$$rtexit$$00000000) for .ARM.Collect$$rtexit$$00000000
    libinit2.o(.ARM.Collect$$libinit$$00000010) refers to libinit2.o(.ARM.Collect$$libinit$$0000000F) for .ARM.Collect$$libinit$$0000000F
    libinit2.o(.ARM.Collect$$libinit$$00000012) refers to libinit2.o(.ARM.Collect$$libinit$$0000000F) for .ARM.Collect$$libinit$$0000000F
    libinit2.o(.ARM.Collect$$libinit$$00000014) refers to libinit2.o(.ARM.Collect$$libinit$$0000000F) for .ARM.Collect$$libinit$$0000000F
    libinit2.o(.ARM.Collect$$libinit$$00000016) refers to libinit2.o(.ARM.Collect$$libinit$$0000000F) for .ARM.Collect$$libinit$$0000000F
    libinit2.o(.ARM.Collect$$libinit$$00000018) refers to libinit2.o(.ARM.Collect$$libinit$$0000000F) for .ARM.Collect$$libinit$$0000000F
    libinit2.o(.ARM.Collect$$libinit$$00000026) refers to argv_veneer.o(.emb_text) for __ARM_argv_veneer
    libinit2.o(.ARM.Collect$$libinit$$00000027) refers to argv_veneer.o(.emb_text) for __ARM_argv_veneer
    rtexit2.o(.ARM.Collect$$rtexit$$00000003) refers to libshutdown.o(.ARM.Collect$$libshutdown$$00000000) for __rt_lib_shutdown
    rtexit2.o(.ARM.Collect$$rtexit$$00000004) refers to sys_exit.o(.text) for _sys_exit
    rtexit2.o(.ARM.exidx) refers to rtexit2.o(.ARM.Collect$$rtexit$$00000001) for .ARM.Collect$$rtexit$$00000001
    rtexit2.o(.ARM.exidx) refers to rtexit2.o(.ARM.Collect$$rtexit$$00000003) for .ARM.Collect$$rtexit$$00000003
    rtexit2.o(.ARM.exidx) refers to rtexit2.o(.ARM.Collect$$rtexit$$00000004) for .ARM.Collect$$rtexit$$00000004
    argv_veneer.o(.emb_text) refers to no_argv.o(.text) for __ARM_get_argv
    sys_exit.o(.text) refers (Special) to use_no_semi.o(.text) for __I$use$semihosting
    sys_exit.o(.text) refers (Special) to indicate_semi.o(.text) for __semihosting_library_function
    _get_argv_nomalloc.o(.text) refers (Special) to hrguard.o(.text) for __heap_region$guard
    _get_argv_nomalloc.o(.text) refers to defsig_rtmem_outer.o(.text) for __rt_SIGRTMEM
    _get_argv_nomalloc.o(.text) refers to sys_command.o(.text) for _sys_command_string
    libshutdown.o(.ARM.Collect$$libshutdown$$00000000) refers (Special) to libshutdown2.o(.ARM.Collect$$libshutdown$$00000004) for __rt_lib_shutdown_cpp_1
    libshutdown.o(.ARM.Collect$$libshutdown$$00000000) refers (Special) to libshutdown2.o(.ARM.Collect$$libshutdown$$00000002) for __rt_lib_shutdown_fini_1
    libshutdown.o(.ARM.Collect$$libshutdown$$00000000) refers (Special) to libshutdown2.o(.ARM.Collect$$libshutdown$$00000009) for __rt_lib_shutdown_fp_trap_1
    libshutdown.o(.ARM.Collect$$libshutdown$$00000000) refers (Special) to libshutdown2.o(.ARM.Collect$$libshutdown$$00000011) for __rt_lib_shutdown_heap_1
    libshutdown.o(.ARM.Collect$$libshutdown$$00000000) refers (Special) to libshutdown2.o(.ARM.Collect$$libshutdown$$00000012) for __rt_lib_shutdown_return
    libshutdown.o(.ARM.Collect$$libshutdown$$00000000) refers (Special) to libshutdown2.o(.ARM.Collect$$libshutdown$$0000000C) for __rt_lib_shutdown_signal_1
    libshutdown.o(.ARM.Collect$$libshutdown$$00000000) refers (Special) to libshutdown2.o(.ARM.Collect$$libshutdown$$00000006) for __rt_lib_shutdown_stdio_1
    libshutdown.o(.ARM.Collect$$libshutdown$$00000000) refers (Special) to libshutdown2.o(.ARM.Collect$$libshutdown$$0000000E) for __rt_lib_shutdown_user_alloc_1
    sys_command.o(.text) refers (Special) to use_no_semi.o(.text) for __I$use$semihosting
    sys_command.o(.text) refers (Special) to indicate_semi.o(.text) for __semihosting_library_function
    defsig_rtmem_outer.o(.text) refers to defsig_rtmem_inner.o(.text) for __rt_SIGRTMEM_inner
    defsig_rtmem_outer.o(.text) refers to defsig_exit.o(.text) for __sig_exit
    defsig_rtmem_formal.o(.text) refers to rt_raise.o(.text) for __rt_raise
    rt_raise.o(.text) refers to __raise.o(.text) for __raise
    rt_raise.o(.text) refers to sys_exit.o(.text) for _sys_exit
    defsig_exit.o(.text) refers to sys_exit.o(.text) for _sys_exit
    defsig_rtmem_inner.o(.text) refers to defsig_general.o(.text) for __default_signal_display
    __raise.o(.text) refers to defsig.o(CL$$defsig) for __default_signal_handler
    defsig_general.o(.text) refers to sys_wrch.o(.text) for _ttywrch
    sys_wrch.o(.text) refers (Special) to use_no_semi.o(.text) for __I$use$semihosting
    sys_wrch.o(.text) refers (Special) to indicate_semi.o(.text) for __semihosting_library_function
    defsig.o(CL$$defsig) refers to defsig_rtmem_inner.o(.text) for __rt_SIGRTMEM_inner
    defsig_abrt_inner.o(.text) refers to defsig_general.o(.text) for __default_signal_display
    defsig_fpe_inner.o(.text) refers to defsig_general.o(.text) for __default_signal_display
    defsig_rtred_inner.o(.text) refers to defsig_general.o(.text) for __default_signal_display
    defsig_stak_inner.o(.text) refers to defsig_general.o(.text) for __default_signal_display
    defsig_pvfn_inner.o(.text) refers to defsig_general.o(.text) for __default_signal_display
    defsig_cppl_inner.o(.text) refers to defsig_general.o(.text) for __default_signal_display
    defsig_segv_inner.o(.text) refers to defsig_general.o(.text) for __default_signal_display
    defsig_other.o(.text) refers to defsig_general.o(.text) for __default_signal_display


==============================================================================

Removing Unused input sections from the image.

    Removing sys.o(.emb_text), (6 bytes).
    Removing sys.o(i.Ex_NVIC_Config), (160 bytes).
    Removing sys.o(i.INTX_DISABLE), (4 bytes).
    Removing sys.o(i.INTX_ENABLE), (4 bytes).
    Removing sys.o(i.Sys_Soft_Reset), (16 bytes).
    Removing sys.o(i.Sys_Standby), (76 bytes).
    Removing sys.o(i.WFI_SET), (4 bytes).
    Removing usart.o(i.UART2ComReply), (64 bytes).
    Removing usart.o(i.uart_init1), (228 bytes).
    Removing spi.o(i.SPI1_SetSpeed), (44 bytes).
    Removing spi.o(i.SPI2_IRQHandler), (28 bytes).
    Removing spi.o(i.SPI2_Init), (172 bytes).
    Removing spi.o(i.SPI2_ReadWriteByte), (52 bytes).
    Removing spi.o(i.SPI2_SetSpeed), (44 bytes).
    Removing spi.o(.data), (1 bytes).
    Removing stmflash.o(i.STMFLASH_ErasePage), (76 bytes).
    Removing stmflash.o(i.STMFLASH_GetStatus), (44 bytes).
    Removing stmflash.o(i.STMFLASH_Lock), (20 bytes).
    Removing stmflash.o(i.STMFLASH_Read), (34 bytes).
    Removing stmflash.o(i.STMFLASH_ReadHalfWord), (6 bytes).
    Removing stmflash.o(i.STMFLASH_Unlock), (24 bytes).
    Removing stmflash.o(i.STMFLASH_WaitDone), (42 bytes).
    Removing stmflash.o(i.STMFLASH_Write), (232 bytes).
    Removing stmflash.o(i.STMFLASH_WriteHalfWord), (64 bytes).
    Removing stmflash.o(i.STMFLASH_Write_NoCheck), (38 bytes).
    Removing stmflash.o(i.Test_Write), (16 bytes).
    Removing stmflash.o(.bss), (1024 bytes).
    Removing systick.o(i.SysTick_init), (64 bytes).
    Removing systick.o(i.SysTick_us_init), (50 bytes).
    Removing timer.o(i.TIM4_IRQHandler), (24 bytes).
    Removing exti.o(i.EXTIX_Init), (26 bytes).
    Removing oled.o(i.OLED_Display_Off), (28 bytes).
    Removing oled.o(i.OLED_Display_On), (28 bytes).
    Removing oled.o(i.OLED_Fill), (58 bytes).
    Removing oled.o(i.OLED_ShowCHinese), (136 bytes).
    Removing can.o(i.CAN_Msg_Pend), (40 bytes).
    Removing can.o(i.CAN_Receive_Msg), (66 bytes).
    Removing can.o(i.CAN_Send_Msg), (64 bytes).
    Removing can.o(i.CAN_Tx_Msg), (268 bytes).
    Removing can.o(i.CAN_Tx_Staus), (132 bytes).

40 unused section(s) (total 3507 bytes) removed from the image.

==============================================================================

Image Symbol Table

    Local Symbols

    Symbol Name                              Value     Ov Type        Size  Object(Section)

    ../clib/angel/boardlib.s                 0x00000000   Number         0  boardinit3.o ABSOLUTE
    ../clib/angel/boardlib.s                 0x00000000   Number         0  boardinit2.o ABSOLUTE
    ../clib/angel/boardlib.s                 0x00000000   Number         0  boardshut.o ABSOLUTE
    ../clib/angel/boardlib.s                 0x00000000   Number         0  boardinit1.o ABSOLUTE
    ../clib/angel/handlers.s                 0x00000000   Number         0  __scatter_zi.o ABSOLUTE
    ../clib/angel/handlers.s                 0x00000000   Number         0  __scatter_copy.o ABSOLUTE
    ../clib/angel/kernel.s                   0x00000000   Number         0  rtexit2.o ABSOLUTE
    ../clib/angel/kernel.s                   0x00000000   Number         0  rtexit.o ABSOLUTE
    ../clib/angel/kernel.s                   0x00000000   Number         0  __rtentry.o ABSOLUTE
    ../clib/angel/kernel.s                   0x00000000   Number         0  __rtentry4.o ABSOLUTE
    ../clib/angel/kernel.s                   0x00000000   Number         0  __rtentry2.o ABSOLUTE
    ../clib/angel/rt.s                       0x00000000   Number         0  rt_raise.o ABSOLUTE
    ../clib/angel/scatter.s                  0x00000000   Number         0  __scatter.o ABSOLUTE
    ../clib/angel/startup.s                  0x00000000   Number         0  __main.o ABSOLUTE
    ../clib/angel/sys.s                      0x00000000   Number         0  libspace.o ABSOLUTE
    ../clib/angel/sys.s                      0x00000000   Number         0  sys_stackheap_outer.o ABSOLUTE
    ../clib/angel/sys.s                      0x00000000   Number         0  indicate_semi.o ABSOLUTE
    ../clib/angel/sys.s                      0x00000000   Number         0  use_no_semi.o ABSOLUTE
    ../clib/angel/sysapp.c                   0x00000000   Number         0  sys_command.o ABSOLUTE
    ../clib/angel/sysapp.c                   0x00000000   Number         0  sys_exit.o ABSOLUTE
    ../clib/angel/sysapp.c                   0x00000000   Number         0  sys_wrch.o ABSOLUTE
    ../clib/armsys.c                         0x00000000   Number         0  _get_argv_nomalloc.o ABSOLUTE
    ../clib/armsys.c                         0x00000000   Number         0  no_argv.o ABSOLUTE
    ../clib/armsys.c                         0x00000000   Number         0  argv_veneer.o ABSOLUTE
    ../clib/armsys.c                         0x00000000   Number         0  argv_veneer.o ABSOLUTE
    ../clib/heapalloc.c                      0x00000000   Number         0  hrguard.o ABSOLUTE
    ../clib/heapaux.c                        0x00000000   Number         0  heapauxi.o ABSOLUTE
    ../clib/libinit.s                        0x00000000   Number         0  libinit2.o ABSOLUTE
    ../clib/libinit.s                        0x00000000   Number         0  libshutdown.o ABSOLUTE
    ../clib/libinit.s                        0x00000000   Number         0  libinit.o ABSOLUTE
    ../clib/libinit.s                        0x00000000   Number         0  libshutdown2.o ABSOLUTE
    ../clib/signal.c                         0x00000000   Number         0  defsig_fpe_inner.o ABSOLUTE
    ../clib/signal.c                         0x00000000   Number         0  defsig_abrt_inner.o ABSOLUTE
    ../clib/signal.c                         0x00000000   Number         0  defsig_cppl_inner.o ABSOLUTE
    ../clib/signal.c                         0x00000000   Number         0  defsig_general.o ABSOLUTE
    ../clib/signal.c                         0x00000000   Number         0  __raise.o ABSOLUTE
    ../clib/signal.c                         0x00000000   Number         0  defsig_rtmem_inner.o ABSOLUTE
    ../clib/signal.c                         0x00000000   Number         0  defsig_exit.o ABSOLUTE
    ../clib/signal.c                         0x00000000   Number         0  defsig_rtmem_formal.o ABSOLUTE
    ../clib/signal.c                         0x00000000   Number         0  defsig_rtmem_outer.o ABSOLUTE
    ../clib/signal.c                         0x00000000   Number         0  defsig_segv_inner.o ABSOLUTE
    ../clib/signal.c                         0x00000000   Number         0  defsig_pvfn_inner.o ABSOLUTE
    ../clib/signal.c                         0x00000000   Number         0  defsig_other.o ABSOLUTE
    ../clib/signal.c                         0x00000000   Number         0  defsig_stak_inner.o ABSOLUTE
    ../clib/signal.c                         0x00000000   Number         0  defsig_rtred_inner.o ABSOLUTE
    ../clib/signal.s                         0x00000000   Number         0  defsig.o ABSOLUTE
    ../clib/stdlib.c                         0x00000000   Number         0  exit.o ABSOLUTE
    ../fplib/faddsub.s                       0x00000000   Number         0  faddsub_clz.o ABSOLUTE
    ../fplib/fdiv.s                          0x00000000   Number         0  fdiv.o ABSOLUTE
    ../fplib/ffixu.s                         0x00000000   Number         0  ffixu.o ABSOLUTE
    ../fplib/fflt.s                          0x00000000   Number         0  fflt_clz.o ABSOLUTE
    ../fplib/fmul.s                          0x00000000   Number         0  fmul.o ABSOLUTE
    ../fplib/fnaninf.s                       0x00000000   Number         0  fnaninf.o ABSOLUTE
    ../fplib/fpinit.s                        0x00000000   Number         0  fpinit.o ABSOLUTE
    ../fplib/fretinf.s                       0x00000000   Number         0  fretinf.o ABSOLUTE
    ../fplib/usenofp.s                       0x00000000   Number         0  usenofp.o ABSOLUTE
    HARDWARE\CAN\can.c                       0x00000000   Number         0  can.o ABSOLUTE
    HARDWARE\EXTI\exti.c                     0x00000000   Number         0  exti.o ABSOLUTE
    HARDWARE\OLED\oled.c                     0x00000000   Number         0  oled.o ABSOLUTE
    HARDWARE\PORT\port.c                     0x00000000   Number         0  port.o ABSOLUTE
    HARDWARE\SPI\spi.c                       0x00000000   Number         0  spi.o ABSOLUTE
    HARDWARE\STMFLASH\stmflash.c             0x00000000   Number         0  stmflash.o ABSOLUTE
    HARDWARE\SYSTICK\systick.c               0x00000000   Number         0  systick.o ABSOLUTE
    HARDWARE\TIMER\timer.c                   0x00000000   Number         0  timer.o ABSOLUTE
    SYSTEM\\sys\\sys.c                       0x00000000   Number         0  sys.o ABSOLUTE
    SYSTEM\delay\delay.c                     0x00000000   Number         0  delay.o ABSOLUTE
    SYSTEM\sys\sys.c                         0x00000000   Number         0  sys.o ABSOLUTE
    SYSTEM\usart\usart.c                     0x00000000   Number         0  usart.o ABSOLUTE
    USER\startup_stm32f10x_ld.s              0x00000000   Number         0  startup_stm32f10x_ld.o ABSOLUTE
    dc.s                                     0x00000000   Number         0  dc.o ABSOLUTE
    stepMotor_ArmV5.c                        0x00000000   Number         0  stepmotor_armv5.o ABSOLUTE
    RESET                                    0x08000000   Section      236  startup_stm32f10x_ld.o(RESET)
    !!!main                                  0x080000ec   Section        8  __main.o(!!!main)
    !!!scatter                               0x080000f4   Section       52  __scatter.o(!!!scatter)
    !!handler_copy                           0x08000128   Section       26  __scatter_copy.o(!!handler_copy)
    !!handler_zi                             0x08000144   Section       28  __scatter_zi.o(!!handler_zi)
    .ARM.Collect$$libinit$$00000000          0x08000160   Section        2  libinit.o(.ARM.Collect$$libinit$$00000000)
    .ARM.Collect$$libinit$$00000002          0x08000162   Section        0  libinit2.o(.ARM.Collect$$libinit$$00000002)
    .ARM.Collect$$libinit$$00000004          0x08000162   Section        0  libinit2.o(.ARM.Collect$$libinit$$00000004)
    .ARM.Collect$$libinit$$0000000A          0x08000162   Section        0  libinit2.o(.ARM.Collect$$libinit$$0000000A)
    .ARM.Collect$$libinit$$0000000C          0x08000162   Section        0  libinit2.o(.ARM.Collect$$libinit$$0000000C)
    .ARM.Collect$$libinit$$0000000E          0x08000162   Section        0  libinit2.o(.ARM.Collect$$libinit$$0000000E)
    .ARM.Collect$$libinit$$00000011          0x08000162   Section        0  libinit2.o(.ARM.Collect$$libinit$$00000011)
    .ARM.Collect$$libinit$$00000013          0x08000162   Section        0  libinit2.o(.ARM.Collect$$libinit$$00000013)
    .ARM.Collect$$libinit$$00000015          0x08000162   Section        0  libinit2.o(.ARM.Collect$$libinit$$00000015)
    .ARM.Collect$$libinit$$00000017          0x08000162   Section        0  libinit2.o(.ARM.Collect$$libinit$$00000017)
    .ARM.Collect$$libinit$$00000019          0x08000162   Section        0  libinit2.o(.ARM.Collect$$libinit$$00000019)
    .ARM.Collect$$libinit$$0000001B          0x08000162   Section        0  libinit2.o(.ARM.Collect$$libinit$$0000001B)
    .ARM.Collect$$libinit$$0000001D          0x08000162   Section        0  libinit2.o(.ARM.Collect$$libinit$$0000001D)
    .ARM.Collect$$libinit$$0000001F          0x08000162   Section        0  libinit2.o(.ARM.Collect$$libinit$$0000001F)
    .ARM.Collect$$libinit$$00000021          0x08000162   Section        0  libinit2.o(.ARM.Collect$$libinit$$00000021)
    .ARM.Collect$$libinit$$00000023          0x08000162   Section        0  libinit2.o(.ARM.Collect$$libinit$$00000023)
    .ARM.Collect$$libinit$$00000025          0x08000162   Section        0  libinit2.o(.ARM.Collect$$libinit$$00000025)
    .ARM.Collect$$libinit$$0000002C          0x08000162   Section        0  libinit2.o(.ARM.Collect$$libinit$$0000002C)
    .ARM.Collect$$libinit$$0000002E          0x08000162   Section        0  libinit2.o(.ARM.Collect$$libinit$$0000002E)
    .ARM.Collect$$libinit$$00000030          0x08000162   Section        0  libinit2.o(.ARM.Collect$$libinit$$00000030)
    .ARM.Collect$$libinit$$00000032          0x08000162   Section        0  libinit2.o(.ARM.Collect$$libinit$$00000032)
    .ARM.Collect$$libinit$$00000033          0x08000162   Section        2  libinit2.o(.ARM.Collect$$libinit$$00000033)
    .ARM.Collect$$libshutdown$$00000000      0x08000164   Section        2  libshutdown.o(.ARM.Collect$$libshutdown$$00000000)
    .ARM.Collect$$libshutdown$$00000002      0x08000166   Section        0  libshutdown2.o(.ARM.Collect$$libshutdown$$00000002)
    .ARM.Collect$$libshutdown$$00000004      0x08000166   Section        0  libshutdown2.o(.ARM.Collect$$libshutdown$$00000004)
    .ARM.Collect$$libshutdown$$00000006      0x08000166   Section        0  libshutdown2.o(.ARM.Collect$$libshutdown$$00000006)
    .ARM.Collect$$libshutdown$$00000009      0x08000166   Section        0  libshutdown2.o(.ARM.Collect$$libshutdown$$00000009)
    .ARM.Collect$$libshutdown$$0000000C      0x08000166   Section        0  libshutdown2.o(.ARM.Collect$$libshutdown$$0000000C)
    .ARM.Collect$$libshutdown$$0000000E      0x08000166   Section        0  libshutdown2.o(.ARM.Collect$$libshutdown$$0000000E)
    .ARM.Collect$$libshutdown$$00000011      0x08000166   Section        0  libshutdown2.o(.ARM.Collect$$libshutdown$$00000011)
    .ARM.Collect$$libshutdown$$00000012      0x08000166   Section        2  libshutdown2.o(.ARM.Collect$$libshutdown$$00000012)
    .ARM.Collect$$rtentry$$00000000          0x08000168   Section        0  __rtentry.o(.ARM.Collect$$rtentry$$00000000)
    .ARM.Collect$$rtentry$$00000002          0x08000168   Section        0  __rtentry2.o(.ARM.Collect$$rtentry$$00000002)
    .ARM.Collect$$rtentry$$00000004          0x08000168   Section        6  __rtentry4.o(.ARM.Collect$$rtentry$$00000004)
    .ARM.Collect$$rtentry$$00000009          0x0800016e   Section        0  __rtentry2.o(.ARM.Collect$$rtentry$$00000009)
    .ARM.Collect$$rtentry$$0000000A          0x0800016e   Section        4  __rtentry2.o(.ARM.Collect$$rtentry$$0000000A)
    .ARM.Collect$$rtentry$$0000000C          0x08000172   Section        0  __rtentry2.o(.ARM.Collect$$rtentry$$0000000C)
    .ARM.Collect$$rtentry$$0000000D          0x08000172   Section        8  __rtentry2.o(.ARM.Collect$$rtentry$$0000000D)
    .ARM.Collect$$rtexit$$00000000           0x0800017a   Section        2  rtexit.o(.ARM.Collect$$rtexit$$00000000)
    .ARM.Collect$$rtexit$$00000002           0x0800017c   Section        0  rtexit2.o(.ARM.Collect$$rtexit$$00000002)
    .ARM.Collect$$rtexit$$00000003           0x0800017c   Section        4  rtexit2.o(.ARM.Collect$$rtexit$$00000003)
    .ARM.Collect$$rtexit$$00000004           0x08000180   Section        6  rtexit2.o(.ARM.Collect$$rtexit$$00000004)
    .text                                    0x08000188   Section       56  startup_stm32f10x_ld.o(.text)
    .text                                    0x080001c0   Section        0  heapauxi.o(.text)
    .text                                    0x080001c6   Section       74  sys_stackheap_outer.o(.text)
    .text                                    0x08000210   Section        0  exit.o(.text)
    .text                                    0x08000224   Section        8  libspace.o(.text)
    .text                                    0x0800022c   Section        0  sys_exit.o(.text)
    .text                                    0x08000238   Section        2  use_no_semi.o(.text)
    .text                                    0x0800023a   Section        0  indicate_semi.o(.text)
    i.CAN_Mode_Init                          0x0800023c   Section        0  can.o(i.CAN_Mode_Init)
    i.CAN_Rx_Msg                             0x080003c8   Section        0  can.o(i.CAN_Rx_Msg)
    i.EXTI0_IRQHandler                       0x080004a0   Section        0  exti.o(i.EXTI0_IRQHandler)
    i.EXTI1_IRQHandler                       0x080004d0   Section        0  exti.o(i.EXTI1_IRQHandler)
    i.EXTI2_IRQHandler                       0x080004f8   Section        0  exti.o(i.EXTI2_IRQHandler)
    i.EXTI3_IRQHandler                       0x08000504   Section        0  exti.o(i.EXTI3_IRQHandler)
    i.EXTI4_IRQHandler                       0x08000510   Section        0  exti.o(i.EXTI4_IRQHandler)
    i.JTAG_Set                               0x0800051c   Section        0  sys.o(i.JTAG_Set)
    i.LCD_Set_Pos                            0x0800054c   Section        0  oled.o(i.LCD_Set_Pos)
    i.MYRCC_DeInit                           0x08000580   Section        0  sys.o(i.MYRCC_DeInit)
    i.MY_NVIC_Init                           0x080005e8   Section        0  sys.o(i.MY_NVIC_Init)
    i.MY_NVIC_PriorityGroupConfig            0x08000660   Section        0  sys.o(i.MY_NVIC_PriorityGroupConfig)
    i.MY_NVIC_SetVectorTable                 0x08000688   Section        0  sys.o(i.MY_NVIC_SetVectorTable)
    i.OLED_Clear                             0x0800069c   Section        0  oled.o(i.OLED_Clear)
    i.OLED_DrawPoint                         0x080006cc   Section        0  oled.o(i.OLED_DrawPoint)
    i.OLED_Init                              0x0800075c   Section        0  oled.o(i.OLED_Init)
    i.OLED_Refresh_Gram                      0x0800082c   Section        0  oled.o(i.OLED_Refresh_Gram)
    i.OLED_ShowChar                          0x08000878   Section        0  oled.o(i.OLED_ShowChar)
    i.OLED_ShowNum                           0x08000920   Section        0  oled.o(i.OLED_ShowNum)
    i.OLED_ShowString                        0x080009b4   Section        0  oled.o(i.OLED_ShowString)
    i.OLED_WR_Byte                           0x080009f8   Section        0  oled.o(i.OLED_WR_Byte)
    i.PORT_Init                              0x08000a38   Section        0  port.o(i.PORT_Init)
    i.SPI1_Init                              0x08000dc8   Section        0  spi.o(i.SPI1_Init)
    i.SPI1_ReadWriteByte                     0x08000e78   Section        0  spi.o(i.SPI1_ReadWriteByte)
    i.Stm32_Clock_Init                       0x08000ecc   Section        0  sys.o(i.Stm32_Clock_Init)
    i.SysTick_Handler                        0x08000f5c   Section        0  systick.o(i.SysTick_Handler)
    i.TIM2_IRQHandler                        0x08000f78   Section        0  timer.o(i.TIM2_IRQHandler)
    i.TIM3_IRQHandler                        0x0800102c   Section        0  timer.o(i.TIM3_IRQHandler)
    i.Timer2_Init                            0x08001044   Section        0  timer.o(i.Timer2_Init)
    i.UART1ComReply                          0x08001094   Section        0  usart.o(i.UART1ComReply)
    i.USART1_IRQHandler                      0x080010d0   Section        0  usart.o(i.USART1_IRQHandler)
    i.USART2_IRQHandler                      0x080011d0   Section        0  usart.o(i.USART2_IRQHandler)
    i.USB_LP_CAN1_RX0_IRQHandler             0x08001378   Section        0  can.o(i.USB_LP_CAN1_RX0_IRQHandler)
    i.delay_ms                               0x080013ac   Section        0  delay.o(i.delay_ms)
    i.delay_us                               0x080013c4   Section        0  delay.o(i.delay_us)
    i.hex2char                               0x080013de   Section        0  stepmotor_armv5.o(i.hex2char)
    i.main                                   0x080013f4   Section        0  stepmotor_armv5.o(i.main)
    i.oled_pow                               0x0800176c   Section        0  oled.o(i.oled_pow)
    i.uart_init2                             0x08001784   Section        0  usart.o(i.uart_init2)
    x$fpl$fadd                               0x08001868   Section      196  faddsub_clz.o(x$fpl$fadd)
    _fadd1                                   0x08001877   Thumb Code     0  faddsub_clz.o(x$fpl$fadd)
    x$fpl$fdiv                               0x0800192c   Section      388  fdiv.o(x$fpl$fdiv)
    _fdiv1                                   0x0800192d   Thumb Code     0  fdiv.o(x$fpl$fdiv)
    x$fpl$ffixu                              0x08001ab0   Section       62  ffixu.o(x$fpl$ffixu)
    x$fpl$ffltu                              0x08001af0   Section       38  fflt_clz.o(x$fpl$ffltu)
    x$fpl$fmul                               0x08001b18   Section      258  fmul.o(x$fpl$fmul)
    x$fpl$fnaninf                            0x08001c1a   Section      140  fnaninf.o(x$fpl$fnaninf)
    x$fpl$fretinf                            0x08001ca6   Section       10  fretinf.o(x$fpl$fretinf)
    x$fpl$frsb                               0x08001cb0   Section       20  faddsub_clz.o(x$fpl$frsb)
    x$fpl$fsub                               0x08001cc4   Section      234  faddsub_clz.o(x$fpl$fsub)
    _fsub1                                   0x08001cd3   Thumb Code     0  faddsub_clz.o(x$fpl$fsub)
    .constdata                               0x08001dae   Section     3012  oled.o(.constdata)
    x$fpl$usenofp                            0x08001dae   Section        0  usenofp.o(x$fpl$usenofp)
    .data                                    0x20000000   Section       43  stepmotor_armv5.o(.data)
    .data                                    0x2000002c   Section       28  usart.o(.data)
    .data                                    0x20000048   Section       17  systick.o(.data)
    .data                                    0x2000005c   Section       16  timer.o(.data)
    .data                                    0x2000006c   Section        3  exti.o(.data)
    .data                                    0x20000070   Section       12  can.o(.data)
    .bss                                     0x2000007c   Section       80  stepmotor_armv5.o(.bss)
    .bss                                     0x200000cc   Section      576  usart.o(.bss)
    .bss                                     0x2000030c   Section     1024  oled.o(.bss)
    .bss                                     0x2000070c   Section       96  libspace.o(.bss)
    HEAP                                     0x20000770   Section      512  startup_stm32f10x_ld.o(HEAP)
    Heap_Mem                                 0x20000770   Data         512  startup_stm32f10x_ld.o(HEAP)
    STACK                                    0x20000970   Section     1024  startup_stm32f10x_ld.o(STACK)
    Stack_Mem                                0x20000970   Data        1024  startup_stm32f10x_ld.o(STACK)
    __initial_sp                             0x20000d70   Data           0  startup_stm32f10x_ld.o(STACK)

    Global Symbols

    Symbol Name                              Value     Ov Type        Size  Object(Section)

    BuildAttributes$$THM_ISAv4$P$D$K$B$S$PE$A:L22UL41UL21$X:L11$S22US41US21$IEEE1$IW$USESV6$~STKCKD$USESV7$~SHL$OSPACE$ROPI$EBA8$UX$STANDARDLIB$REQ8$PRES8$EABIv2 0x00000000   Number         0  anon$$obj.o ABSOLUTE
    __ARM_use_no_argv                        0x00000000   Number         0  stepmotor_armv5.o ABSOLUTE
    __ARM_exceptions_init                     - Undefined Weak Reference
    __alloca_initialize                       - Undefined Weak Reference
    __arm_fini_                               - Undefined Weak Reference
    __arm_preinit_                            - Undefined Weak Reference
    __cpp_initialize__aeabi_                  - Undefined Weak Reference
    __cxa_finalize                            - Undefined Weak Reference
    __rt_locale                               - Undefined Weak Reference
    __sigvec_lookup                           - Undefined Weak Reference
    _atexit_init                              - Undefined Weak Reference
    _call_atexit_fns                          - Undefined Weak Reference
    _clock_init                               - Undefined Weak Reference
    _fp_trap_init                             - Undefined Weak Reference
    _fp_trap_shutdown                         - Undefined Weak Reference
    _get_lc_collate                           - Undefined Weak Reference
    _get_lc_ctype                             - Undefined Weak Reference
    _get_lc_monetary                          - Undefined Weak Reference
    _get_lc_numeric                           - Undefined Weak Reference
    _get_lc_time                              - Undefined Weak Reference
    _getenv_init                              - Undefined Weak Reference
    _handle_redirection                       - Undefined Weak Reference
    _init_alloc                               - Undefined Weak Reference
    _init_user_alloc                          - Undefined Weak Reference
    _initio                                   - Undefined Weak Reference
    _rand_init                                - Undefined Weak Reference
    _signal_finish                            - Undefined Weak Reference
    _signal_init                              - Undefined Weak Reference
    _terminate_alloc                          - Undefined Weak Reference
    _terminate_user_alloc                     - Undefined Weak Reference
    _terminateio                              - Undefined Weak Reference
    __Vectors_Size                           0x000000ec   Number         0  startup_stm32f10x_ld.o ABSOLUTE
    __Vectors                                0x08000000   Data           4  startup_stm32f10x_ld.o(RESET)
    __Vectors_End                            0x080000ec   Data           0  startup_stm32f10x_ld.o(RESET)
    __main                                   0x080000ed   Thumb Code     8  __main.o(!!!main)
    __scatterload                            0x080000f5   Thumb Code     0  __scatter.o(!!!scatter)
    __scatterload_rt2                        0x080000f5   Thumb Code    44  __scatter.o(!!!scatter)
    __scatterload_rt2_thumb_only             0x080000f5   Thumb Code     0  __scatter.o(!!!scatter)
    __scatterload_null                       0x08000103   Thumb Code     0  __scatter.o(!!!scatter)
    __scatterload_copy                       0x08000129   Thumb Code    26  __scatter_copy.o(!!handler_copy)
    __scatterload_zeroinit                   0x08000145   Thumb Code    28  __scatter_zi.o(!!handler_zi)
    __rt_lib_init                            0x08000161   Thumb Code     0  libinit.o(.ARM.Collect$$libinit$$00000000)
    __rt_lib_init_alloca_1                   0x08000163   Thumb Code     0  libinit2.o(.ARM.Collect$$libinit$$0000002E)
    __rt_lib_init_argv_1                     0x08000163   Thumb Code     0  libinit2.o(.ARM.Collect$$libinit$$0000002C)
    __rt_lib_init_atexit_1                   0x08000163   Thumb Code     0  libinit2.o(.ARM.Collect$$libinit$$0000001B)
    __rt_lib_init_clock_1                    0x08000163   Thumb Code     0  libinit2.o(.ARM.Collect$$libinit$$00000021)
    __rt_lib_init_cpp_1                      0x08000163   Thumb Code     0  libinit2.o(.ARM.Collect$$libinit$$00000032)
    __rt_lib_init_exceptions_1               0x08000163   Thumb Code     0  libinit2.o(.ARM.Collect$$libinit$$00000030)
    __rt_lib_init_fp_1                       0x08000163   Thumb Code     0  libinit2.o(.ARM.Collect$$libinit$$00000002)
    __rt_lib_init_fp_trap_1                  0x08000163   Thumb Code     0  libinit2.o(.ARM.Collect$$libinit$$0000001F)
    __rt_lib_init_getenv_1                   0x08000163   Thumb Code     0  libinit2.o(.ARM.Collect$$libinit$$00000023)
    __rt_lib_init_heap_1                     0x08000163   Thumb Code     0  libinit2.o(.ARM.Collect$$libinit$$0000000A)
    __rt_lib_init_lc_collate_1               0x08000163   Thumb Code     0  libinit2.o(.ARM.Collect$$libinit$$00000011)
    __rt_lib_init_lc_ctype_1                 0x08000163   Thumb Code     0  libinit2.o(.ARM.Collect$$libinit$$00000013)
    __rt_lib_init_lc_monetary_1              0x08000163   Thumb Code     0  libinit2.o(.ARM.Collect$$libinit$$00000015)
    __rt_lib_init_lc_numeric_1               0x08000163   Thumb Code     0  libinit2.o(.ARM.Collect$$libinit$$00000017)
    __rt_lib_init_lc_time_1                  0x08000163   Thumb Code     0  libinit2.o(.ARM.Collect$$libinit$$00000019)
    __rt_lib_init_preinit_1                  0x08000163   Thumb Code     0  libinit2.o(.ARM.Collect$$libinit$$00000004)
    __rt_lib_init_rand_1                     0x08000163   Thumb Code     0  libinit2.o(.ARM.Collect$$libinit$$0000000E)
    __rt_lib_init_return                     0x08000163   Thumb Code     0  libinit2.o(.ARM.Collect$$libinit$$00000033)
    __rt_lib_init_signal_1                   0x08000163   Thumb Code     0  libinit2.o(.ARM.Collect$$libinit$$0000001D)
    __rt_lib_init_stdio_1                    0x08000163   Thumb Code     0  libinit2.o(.ARM.Collect$$libinit$$00000025)
    __rt_lib_init_user_alloc_1               0x08000163   Thumb Code     0  libinit2.o(.ARM.Collect$$libinit$$0000000C)
    __rt_lib_shutdown                        0x08000165   Thumb Code     0  libshutdown.o(.ARM.Collect$$libshutdown$$00000000)
    __rt_lib_shutdown_cpp_1                  0x08000167   Thumb Code     0  libshutdown2.o(.ARM.Collect$$libshutdown$$00000004)
    __rt_lib_shutdown_fini_1                 0x08000167   Thumb Code     0  libshutdown2.o(.ARM.Collect$$libshutdown$$00000002)
    __rt_lib_shutdown_fp_trap_1              0x08000167   Thumb Code     0  libshutdown2.o(.ARM.Collect$$libshutdown$$00000009)
    __rt_lib_shutdown_heap_1                 0x08000167   Thumb Code     0  libshutdown2.o(.ARM.Collect$$libshutdown$$00000011)
    __rt_lib_shutdown_return                 0x08000167   Thumb Code     0  libshutdown2.o(.ARM.Collect$$libshutdown$$00000012)
    __rt_lib_shutdown_signal_1               0x08000167   Thumb Code     0  libshutdown2.o(.ARM.Collect$$libshutdown$$0000000C)
    __rt_lib_shutdown_stdio_1                0x08000167   Thumb Code     0  libshutdown2.o(.ARM.Collect$$libshutdown$$00000006)
    __rt_lib_shutdown_user_alloc_1           0x08000167   Thumb Code     0  libshutdown2.o(.ARM.Collect$$libshutdown$$0000000E)
    __rt_entry                               0x08000169   Thumb Code     0  __rtentry.o(.ARM.Collect$$rtentry$$00000000)
    __rt_entry_presh_1                       0x08000169   Thumb Code     0  __rtentry2.o(.ARM.Collect$$rtentry$$00000002)
    __rt_entry_sh                            0x08000169   Thumb Code     0  __rtentry4.o(.ARM.Collect$$rtentry$$00000004)
    __rt_entry_li                            0x0800016f   Thumb Code     0  __rtentry2.o(.ARM.Collect$$rtentry$$0000000A)
    __rt_entry_postsh_1                      0x0800016f   Thumb Code     0  __rtentry2.o(.ARM.Collect$$rtentry$$00000009)
    __rt_entry_main                          0x08000173   Thumb Code     0  __rtentry2.o(.ARM.Collect$$rtentry$$0000000D)
    __rt_entry_postli_1                      0x08000173   Thumb Code     0  __rtentry2.o(.ARM.Collect$$rtentry$$0000000C)
    __rt_exit                                0x0800017b   Thumb Code     0  rtexit.o(.ARM.Collect$$rtexit$$00000000)
    __rt_exit_ls                             0x0800017d   Thumb Code     0  rtexit2.o(.ARM.Collect$$rtexit$$00000003)
    __rt_exit_prels_1                        0x0800017d   Thumb Code     0  rtexit2.o(.ARM.Collect$$rtexit$$00000002)
    __rt_exit_exit                           0x08000181   Thumb Code     0  rtexit2.o(.ARM.Collect$$rtexit$$00000004)
    Reset_Handler                            0x08000189   Thumb Code     4  startup_stm32f10x_ld.o(.text)
    NMI_Handler                              0x0800018d   Thumb Code     2  startup_stm32f10x_ld.o(.text)
    HardFault_Handler                        0x0800018f   Thumb Code     2  startup_stm32f10x_ld.o(.text)
    MemManage_Handler                        0x08000191   Thumb Code     2  startup_stm32f10x_ld.o(.text)
    BusFault_Handler                         0x08000193   Thumb Code     2  startup_stm32f10x_ld.o(.text)
    UsageFault_Handler                       0x08000195   Thumb Code     2  startup_stm32f10x_ld.o(.text)
    SVC_Handler                              0x08000197   Thumb Code     2  startup_stm32f10x_ld.o(.text)
    DebugMon_Handler                         0x08000199   Thumb Code     2  startup_stm32f10x_ld.o(.text)
    PendSV_Handler                           0x0800019b   Thumb Code     2  startup_stm32f10x_ld.o(.text)
    ADC1_2_IRQHandler                        0x0800019f   Thumb Code     0  startup_stm32f10x_ld.o(.text)
    CAN1_RX1_IRQHandler                      0x0800019f   Thumb Code     0  startup_stm32f10x_ld.o(.text)
    CAN1_SCE_IRQHandler                      0x0800019f   Thumb Code     0  startup_stm32f10x_ld.o(.text)
    DMA1_Channel1_IRQHandler                 0x0800019f   Thumb Code     0  startup_stm32f10x_ld.o(.text)
    DMA1_Channel2_IRQHandler                 0x0800019f   Thumb Code     0  startup_stm32f10x_ld.o(.text)
    DMA1_Channel3_IRQHandler                 0x0800019f   Thumb Code     0  startup_stm32f10x_ld.o(.text)
    DMA1_Channel4_IRQHandler                 0x0800019f   Thumb Code     0  startup_stm32f10x_ld.o(.text)
    DMA1_Channel5_IRQHandler                 0x0800019f   Thumb Code     0  startup_stm32f10x_ld.o(.text)
    DMA1_Channel6_IRQHandler                 0x0800019f   Thumb Code     0  startup_stm32f10x_ld.o(.text)
    DMA1_Channel7_IRQHandler                 0x0800019f   Thumb Code     0  startup_stm32f10x_ld.o(.text)
    EXTI15_10_IRQHandler                     0x0800019f   Thumb Code     0  startup_stm32f10x_ld.o(.text)
    EXTI9_5_IRQHandler                       0x0800019f   Thumb Code     0  startup_stm32f10x_ld.o(.text)
    FLASH_IRQHandler                         0x0800019f   Thumb Code     0  startup_stm32f10x_ld.o(.text)
    I2C1_ER_IRQHandler                       0x0800019f   Thumb Code     0  startup_stm32f10x_ld.o(.text)
    I2C1_EV_IRQHandler                       0x0800019f   Thumb Code     0  startup_stm32f10x_ld.o(.text)
    PVD_IRQHandler                           0x0800019f   Thumb Code     0  startup_stm32f10x_ld.o(.text)
    RCC_IRQHandler                           0x0800019f   Thumb Code     0  startup_stm32f10x_ld.o(.text)
    RTCAlarm_IRQHandler                      0x0800019f   Thumb Code     0  startup_stm32f10x_ld.o(.text)
    RTC_IRQHandler                           0x0800019f   Thumb Code     0  startup_stm32f10x_ld.o(.text)
    SPI1_IRQHandler                          0x0800019f   Thumb Code     0  startup_stm32f10x_ld.o(.text)
    TAMPER_IRQHandler                        0x0800019f   Thumb Code     0  startup_stm32f10x_ld.o(.text)
    TIM1_BRK_IRQHandler                      0x0800019f   Thumb Code     0  startup_stm32f10x_ld.o(.text)
    TIM1_CC_IRQHandler                       0x0800019f   Thumb Code     0  startup_stm32f10x_ld.o(.text)
    TIM1_TRG_COM_IRQHandler                  0x0800019f   Thumb Code     0  startup_stm32f10x_ld.o(.text)
    TIM1_UP_IRQHandler                       0x0800019f   Thumb Code     0  startup_stm32f10x_ld.o(.text)
    USBWakeUp_IRQHandler                     0x0800019f   Thumb Code     0  startup_stm32f10x_ld.o(.text)
    USB_HP_CAN1_TX_IRQHandler                0x0800019f   Thumb Code     0  startup_stm32f10x_ld.o(.text)
    WWDG_IRQHandler                          0x0800019f   Thumb Code     0  startup_stm32f10x_ld.o(.text)
    __user_initial_stackheap                 0x080001a1   Thumb Code     0  startup_stm32f10x_ld.o(.text)
    __use_two_region_memory                  0x080001c1   Thumb Code     2  heapauxi.o(.text)
    __rt_heap_escrow$2region                 0x080001c3   Thumb Code     2  heapauxi.o(.text)
    __rt_heap_expand$2region                 0x080001c5   Thumb Code     2  heapauxi.o(.text)
    __user_setup_stackheap                   0x080001c7   Thumb Code    74  sys_stackheap_outer.o(.text)
    exit                                     0x08000211   Thumb Code    18  exit.o(.text)
    __user_libspace                          0x08000225   Thumb Code     8  libspace.o(.text)
    __user_perproc_libspace                  0x08000225   Thumb Code     0  libspace.o(.text)
    __user_perthread_libspace                0x08000225   Thumb Code     0  libspace.o(.text)
    _sys_exit                                0x0800022d   Thumb Code     8  sys_exit.o(.text)
    __I$use$semihosting                      0x08000239   Thumb Code     0  use_no_semi.o(.text)
    __use_no_semihosting_swi                 0x08000239   Thumb Code     2  use_no_semi.o(.text)
    __semihosting_library_function           0x0800023b   Thumb Code     0  indicate_semi.o(.text)
    CAN_Mode_Init                            0x0800023d   Thumb Code   376  can.o(i.CAN_Mode_Init)
    CAN_Rx_Msg                               0x080003c9   Thumb Code   208  can.o(i.CAN_Rx_Msg)
    EXTI0_IRQHandler                         0x080004a1   Thumb Code    34  exti.o(i.EXTI0_IRQHandler)
    EXTI1_IRQHandler                         0x080004d1   Thumb Code    30  exti.o(i.EXTI1_IRQHandler)
    EXTI2_IRQHandler                         0x080004f9   Thumb Code     8  exti.o(i.EXTI2_IRQHandler)
    EXTI3_IRQHandler                         0x08000505   Thumb Code     8  exti.o(i.EXTI3_IRQHandler)
    EXTI4_IRQHandler                         0x08000511   Thumb Code     8  exti.o(i.EXTI4_IRQHandler)
    JTAG_Set                                 0x0800051d   Thumb Code    38  sys.o(i.JTAG_Set)
    LCD_Set_Pos                              0x0800054d   Thumb Code    52  oled.o(i.LCD_Set_Pos)
    MYRCC_DeInit                             0x08000581   Thumb Code    90  sys.o(i.MYRCC_DeInit)
    MY_NVIC_Init                             0x080005e9   Thumb Code   116  sys.o(i.MY_NVIC_Init)
    MY_NVIC_PriorityGroupConfig              0x08000661   Thumb Code    32  sys.o(i.MY_NVIC_PriorityGroupConfig)
    MY_NVIC_SetVectorTable                   0x08000689   Thumb Code    12  sys.o(i.MY_NVIC_SetVectorTable)
    OLED_Clear                               0x0800069d   Thumb Code    42  oled.o(i.OLED_Clear)
    OLED_DrawPoint                           0x080006cd   Thumb Code   140  oled.o(i.OLED_DrawPoint)
    OLED_Init                                0x0800075d   Thumb Code   208  oled.o(i.OLED_Init)
    OLED_Refresh_Gram                        0x0800082d   Thumb Code    70  oled.o(i.OLED_Refresh_Gram)
    OLED_ShowChar                            0x08000879   Thumb Code   158  oled.o(i.OLED_ShowChar)
    OLED_ShowNum                             0x08000921   Thumb Code   148  oled.o(i.OLED_ShowNum)
    OLED_ShowString                          0x080009b5   Thumb Code    68  oled.o(i.OLED_ShowString)
    OLED_WR_Byte                             0x080009f9   Thumb Code    50  oled.o(i.OLED_WR_Byte)
    PORT_Init                                0x08000a39   Thumb Code   892  port.o(i.PORT_Init)
    SPI1_Init                                0x08000dc9   Thumb Code   160  spi.o(i.SPI1_Init)
    SPI1_ReadWriteByte                       0x08000e79   Thumb Code    78  spi.o(i.SPI1_ReadWriteByte)
    Stm32_Clock_Init                         0x08000ecd   Thumb Code   134  sys.o(i.Stm32_Clock_Init)
    SysTick_Handler                          0x08000f5d   Thumb Code    24  systick.o(i.SysTick_Handler)
    TIM2_IRQHandler                          0x08000f79   Thumb Code   154  timer.o(i.TIM2_IRQHandler)
    TIM3_IRQHandler                          0x0800102d   Thumb Code    18  timer.o(i.TIM3_IRQHandler)
    Timer2_Init                              0x08001045   Thumb Code    74  timer.o(i.Timer2_Init)
    UART1ComReply                            0x08001095   Thumb Code    44  usart.o(i.UART1ComReply)
    USART1_IRQHandler                        0x080010d1   Thumb Code   218  usart.o(i.USART1_IRQHandler)
    USART2_IRQHandler                        0x080011d1   Thumb Code   366  usart.o(i.USART2_IRQHandler)
    USB_LP_CAN1_RX0_IRQHandler               0x08001379   Thumb Code    40  can.o(i.USB_LP_CAN1_RX0_IRQHandler)
    delay_ms                                 0x080013ad   Thumb Code    24  delay.o(i.delay_ms)
    delay_us                                 0x080013c5   Thumb Code    26  delay.o(i.delay_us)
    hex2char                                 0x080013df   Thumb Code    22  stepmotor_armv5.o(i.hex2char)
    main                                     0x080013f5   Thumb Code   782  stepmotor_armv5.o(i.main)
    oled_pow                                 0x0800176d   Thumb Code    22  oled.o(i.oled_pow)
    uart_init2                               0x08001785   Thumb Code   212  usart.o(i.uart_init2)
    __aeabi_fadd                             0x08001869   Thumb Code     0  faddsub_clz.o(x$fpl$fadd)
    _fadd                                    0x08001869   Thumb Code   196  faddsub_clz.o(x$fpl$fadd)
    __aeabi_fdiv                             0x0800192d   Thumb Code     0  fdiv.o(x$fpl$fdiv)
    _fdiv                                    0x0800192d   Thumb Code   384  fdiv.o(x$fpl$fdiv)
    __aeabi_f2uiz                            0x08001ab1   Thumb Code     0  ffixu.o(x$fpl$ffixu)
    _ffixu                                   0x08001ab1   Thumb Code    62  ffixu.o(x$fpl$ffixu)
    __aeabi_ui2f                             0x08001af1   Thumb Code     0  fflt_clz.o(x$fpl$ffltu)
    _ffltu                                   0x08001af1   Thumb Code    38  fflt_clz.o(x$fpl$ffltu)
    __aeabi_fmul                             0x08001b19   Thumb Code     0  fmul.o(x$fpl$fmul)
    _fmul                                    0x08001b19   Thumb Code   258  fmul.o(x$fpl$fmul)
    __fpl_fnaninf                            0x08001c1b   Thumb Code   140  fnaninf.o(x$fpl$fnaninf)
    __fpl_fretinf                            0x08001ca7   Thumb Code    10  fretinf.o(x$fpl$fretinf)
    __aeabi_frsub                            0x08001cb1   Thumb Code     0  faddsub_clz.o(x$fpl$frsb)
    _frsb                                    0x08001cb1   Thumb Code    20  faddsub_clz.o(x$fpl$frsb)
    __aeabi_fsub                             0x08001cc5   Thumb Code     0  faddsub_clz.o(x$fpl$fsub)
    _fsub                                    0x08001cc5   Thumb Code   234  faddsub_clz.o(x$fpl$fsub)
    __I$use$fp                               0x08001dae   Number         0  usenofp.o(x$fpl$usenofp)
    oled_asc2_1206                           0x08001dae   Data        1140  oled.o(.constdata)
    oled_asc2_1608                           0x08002222   Data        1520  oled.o(.constdata)
    CHINESE                                  0x08002812   Data         352  oled.o(.constdata)
    Region$$Table$$Base                      0x08002974   Number         0  anon$$obj.o(Region$$Table)
    Region$$Table$$Limit                     0x08002994   Number         0  anon$$obj.o(Region$$Table)
    Gyro                                     0x20000000   Data           6  stepmotor_armv5.o(.data)
    Acc                                      0x20000006   Data           6  stepmotor_armv5.o(.data)
    res                                      0x2000000c   Data           2  stepmotor_armv5.o(.data)
    u8Led0_Counter                           0x2000000e   Data           2  stepmotor_armv5.o(.data)
    temp_1                                   0x20000010   Data           1  stepmotor_armv5.o(.data)
    temp_2                                   0x20000011   Data           1  stepmotor_armv5.o(.data)
    temp_3                                   0x20000012   Data           1  stepmotor_armv5.o(.data)
    i                                        0x20000013   Data           1  stepmotor_armv5.o(.data)
    canbuf                                   0x20000014   Data           8  stepmotor_armv5.o(.data)
    key                                      0x2000001c   Data           1  stepmotor_armv5.o(.data)
    canRXbuf                                 0x2000001d   Data           8  stepmotor_armv5.o(.data)
    u8can                                    0x20000025   Data           1  stepmotor_armv5.o(.data)
    u8can1                                   0x20000026   Data           1  stepmotor_armv5.o(.data)
    u8can2                                   0x20000027   Data           1  stepmotor_armv5.o(.data)
    h2c_id                                   0x20000028   Data           3  stepmotor_armv5.o(.data)
    u8TxD1Busy                               0x2000002c   Data           1  usart.o(.data)
    u8ErrCode                                0x2000002d   Data           1  usart.o(.data)
    TxD1Num                                  0x2000002e   Data           1  usart.o(.data)
    TxD2Num                                  0x2000002f   Data           1  usart.o(.data)
    TxD1pt                                   0x20000030   Data           1  usart.o(.data)
    TxD2pt                                   0x20000031   Data           1  usart.o(.data)
    RxD1pt                                   0x20000032   Data           1  usart.o(.data)
    RxD2pt                                   0x20000033   Data           1  usart.o(.data)
    RxD1Buf                                  0x20000034   Data           1  usart.o(.data)
    RxD2Buf                                  0x20000035   Data           1  usart.o(.data)
    u8RxD2Com                                0x20000036   Data           1  usart.o(.data)
    u8test1                                  0x20000037   Data           1  usart.o(.data)
    u8test2                                  0x20000038   Data           1  usart.o(.data)
    u8test3                                  0x20000039   Data           1  usart.o(.data)
    u8test4                                  0x2000003a   Data           1  usart.o(.data)
    u8test5                                  0x2000003b   Data           1  usart.o(.data)
    u8test6                                  0x2000003c   Data           1  usart.o(.data)
    u8test7                                  0x2000003d   Data           1  usart.o(.data)
    u8test8                                  0x2000003e   Data           1  usart.o(.data)
    rData1Temp                               0x2000003f   Data           1  usart.o(.data)
    rData2Temp                               0x20000040   Data           1  usart.o(.data)
    key_press                                0x20000041   Data           1  usart.o(.data)
    u8TxD2Busy                               0x20000042   Data           1  usart.o(.data)
    u32Com                                   0x20000044   Data           4  usart.o(.data)
    spi2_buf                                 0x20000048   Data          16  systick.o(.data)
    u8Led1_Counter                           0x20000058   Data           1  systick.o(.data)
    ii                                       0x2000005c   Data           4  timer.o(.data)
    t1                                       0x20000060   Data           2  timer.o(.data)
    t2                                       0x20000062   Data           2  timer.o(.data)
    t                                        0x20000064   Data           4  timer.o(.data)
    p                                        0x20000068   Data           4  timer.o(.data)
    u16Exti0Count                            0x2000006c   Data           2  exti.o(.data)
    EXIT0_flag                               0x2000006e   Data           1  exti.o(.data)
    CAN_RX_Flag                              0x20000070   Data           1  can.o(.data)
    CAN_RX_BUF                               0x20000071   Data           8  can.o(.data)
    CAN_RX_ID                                0x2000007a   Data           2  can.o(.data)
    FlashRead                                0x2000007c   Data          64  stepmotor_armv5.o(.bss)
    h2c                                      0x200000bc   Data          16  stepmotor_armv5.o(.bss)
    FalshSave                                0x200000cc   Data          64  usart.o(.bss)
    USART1_RX_BUF                            0x2000010c   Data         128  usart.o(.bss)
    USART1_TX_BUF                            0x2000018c   Data         128  usart.o(.bss)
    USART2_RX_BUF                            0x2000020c   Data         128  usart.o(.bss)
    USART2_TX_BUF                            0x2000028c   Data         128  usart.o(.bss)
    OLED_GRAM                                0x2000030c   Data        1024  oled.o(.bss)
    __libspace_start                         0x2000070c   Data          96  libspace.o(.bss)
    __temporary_stack_top$libspace           0x2000076c   Data           0  libspace.o(.bss)



==============================================================================

Memory Map of the image

  Image Entry point : 0x080000ed

  Load Region LR_IROM1 (Base: 0x08000000, Size: 0x00002a10, Max: 0x00008000, ABSOLUTE)

    Execution Region ER_IROM1 (Exec base: 0x08000000, Load base: 0x08000000, Size: 0x00002994, Max: 0x00008000, ABSOLUTE)

    Exec Addr    Load Addr    Size         Type   Attr      Idx    E Section Name        Object

    0x08000000   0x08000000   0x000000ec   Data   RO            3    RESET               startup_stm32f10x_ld.o
    0x080000ec   0x080000ec   0x00000008   Code   RO          674  * !!!main             c_w.l(__main.o)
    0x080000f4   0x080000f4   0x00000034   Code   RO          860    !!!scatter          c_w.l(__scatter.o)
    0x08000128   0x08000128   0x0000001a   Code   RO          862    !!handler_copy      c_w.l(__scatter_copy.o)
    0x08000142   0x08000142   0x00000002   PAD
    0x08000144   0x08000144   0x0000001c   Code   RO          864    !!handler_zi        c_w.l(__scatter_zi.o)
    0x08000160   0x08000160   0x00000002   Code   RO          728    .ARM.Collect$$libinit$$00000000  c_w.l(libinit.o)
    0x08000162   0x08000162   0x00000000   Code   RO          735    .ARM.Collect$$libinit$$00000002  c_w.l(libinit2.o)
    0x08000162   0x08000162   0x00000000   Code   RO          737    .ARM.Collect$$libinit$$00000004  c_w.l(libinit2.o)
    0x08000162   0x08000162   0x00000000   Code   RO          740    .ARM.Collect$$libinit$$0000000A  c_w.l(libinit2.o)
    0x08000162   0x08000162   0x00000000   Code   RO          742    .ARM.Collect$$libinit$$0000000C  c_w.l(libinit2.o)
    0x08000162   0x08000162   0x00000000   Code   RO          744    .ARM.Collect$$libinit$$0000000E  c_w.l(libinit2.o)
    0x08000162   0x08000162   0x00000000   Code   RO          747    .ARM.Collect$$libinit$$00000011  c_w.l(libinit2.o)
    0x08000162   0x08000162   0x00000000   Code   RO          749    .ARM.Collect$$libinit$$00000013  c_w.l(libinit2.o)
    0x08000162   0x08000162   0x00000000   Code   RO          751    .ARM.Collect$$libinit$$00000015  c_w.l(libinit2.o)
    0x08000162   0x08000162   0x00000000   Code   RO          753    .ARM.Collect$$libinit$$00000017  c_w.l(libinit2.o)
    0x08000162   0x08000162   0x00000000   Code   RO          755    .ARM.Collect$$libinit$$00000019  c_w.l(libinit2.o)
    0x08000162   0x08000162   0x00000000   Code   RO          757    .ARM.Collect$$libinit$$0000001B  c_w.l(libinit2.o)
    0x08000162   0x08000162   0x00000000   Code   RO          759    .ARM.Collect$$libinit$$0000001D  c_w.l(libinit2.o)
    0x08000162   0x08000162   0x00000000   Code   RO          761    .ARM.Collect$$libinit$$0000001F  c_w.l(libinit2.o)
    0x08000162   0x08000162   0x00000000   Code   RO          763    .ARM.Collect$$libinit$$00000021  c_w.l(libinit2.o)
    0x08000162   0x08000162   0x00000000   Code   RO          765    .ARM.Collect$$libinit$$00000023  c_w.l(libinit2.o)
    0x08000162   0x08000162   0x00000000   Code   RO          767    .ARM.Collect$$libinit$$00000025  c_w.l(libinit2.o)
    0x08000162   0x08000162   0x00000000   Code   RO          771    .ARM.Collect$$libinit$$0000002C  c_w.l(libinit2.o)
    0x08000162   0x08000162   0x00000000   Code   RO          773    .ARM.Collect$$libinit$$0000002E  c_w.l(libinit2.o)
    0x08000162   0x08000162   0x00000000   Code   RO          775    .ARM.Collect$$libinit$$00000030  c_w.l(libinit2.o)
    0x08000162   0x08000162   0x00000000   Code   RO          777    .ARM.Collect$$libinit$$00000032  c_w.l(libinit2.o)
    0x08000162   0x08000162   0x00000002   Code   RO          778    .ARM.Collect$$libinit$$00000033  c_w.l(libinit2.o)
    0x08000164   0x08000164   0x00000002   Code   RO          798    .ARM.Collect$$libshutdown$$00000000  c_w.l(libshutdown.o)
    0x08000166   0x08000166   0x00000000   Code   RO          811    .ARM.Collect$$libshutdown$$00000002  c_w.l(libshutdown2.o)
    0x08000166   0x08000166   0x00000000   Code   RO          813    .ARM.Collect$$libshutdown$$00000004  c_w.l(libshutdown2.o)
    0x08000166   0x08000166   0x00000000   Code   RO          815    .ARM.Collect$$libshutdown$$00000006  c_w.l(libshutdown2.o)
    0x08000166   0x08000166   0x00000000   Code   RO          818    .ARM.Collect$$libshutdown$$00000009  c_w.l(libshutdown2.o)
    0x08000166   0x08000166   0x00000000   Code   RO          821    .ARM.Collect$$libshutdown$$0000000C  c_w.l(libshutdown2.o)
    0x08000166   0x08000166   0x00000000   Code   RO          823    .ARM.Collect$$libshutdown$$0000000E  c_w.l(libshutdown2.o)
    0x08000166   0x08000166   0x00000000   Code   RO          826    .ARM.Collect$$libshutdown$$00000011  c_w.l(libshutdown2.o)
    0x08000166   0x08000166   0x00000002   Code   RO          827    .ARM.Collect$$libshutdown$$00000012  c_w.l(libshutdown2.o)
    0x08000168   0x08000168   0x00000000   Code   RO          698    .ARM.Collect$$rtentry$$00000000  c_w.l(__rtentry.o)
    0x08000168   0x08000168   0x00000000   Code   RO          705    .ARM.Collect$$rtentry$$00000002  c_w.l(__rtentry2.o)
    0x08000168   0x08000168   0x00000006   Code   RO          717    .ARM.Collect$$rtentry$$00000004  c_w.l(__rtentry4.o)
    0x0800016e   0x0800016e   0x00000000   Code   RO          707    .ARM.Collect$$rtentry$$00000009  c_w.l(__rtentry2.o)
    0x0800016e   0x0800016e   0x00000004   Code   RO          708    .ARM.Collect$$rtentry$$0000000A  c_w.l(__rtentry2.o)
    0x08000172   0x08000172   0x00000000   Code   RO          710    .ARM.Collect$$rtentry$$0000000C  c_w.l(__rtentry2.o)
    0x08000172   0x08000172   0x00000008   Code   RO          711    .ARM.Collect$$rtentry$$0000000D  c_w.l(__rtentry2.o)
    0x0800017a   0x0800017a   0x00000002   Code   RO          732    .ARM.Collect$$rtexit$$00000000  c_w.l(rtexit.o)
    0x0800017c   0x0800017c   0x00000000   Code   RO          780    .ARM.Collect$$rtexit$$00000002  c_w.l(rtexit2.o)
    0x0800017c   0x0800017c   0x00000004   Code   RO          781    .ARM.Collect$$rtexit$$00000003  c_w.l(rtexit2.o)
    0x08000180   0x08000180   0x00000006   Code   RO          782    .ARM.Collect$$rtexit$$00000004  c_w.l(rtexit2.o)
    0x08000186   0x08000186   0x00000002   PAD
    0x08000188   0x08000188   0x00000038   Code   RO            4    .text               startup_stm32f10x_ld.o
    0x080001c0   0x080001c0   0x00000006   Code   RO          672    .text               c_w.l(heapauxi.o)
    0x080001c6   0x080001c6   0x0000004a   Code   RO          719    .text               c_w.l(sys_stackheap_outer.o)
    0x08000210   0x08000210   0x00000012   Code   RO          721    .text               c_w.l(exit.o)
    0x08000222   0x08000222   0x00000002   PAD
    0x08000224   0x08000224   0x00000008   Code   RO          729    .text               c_w.l(libspace.o)
    0x0800022c   0x0800022c   0x0000000c   Code   RO          790    .text               c_w.l(sys_exit.o)
    0x08000238   0x08000238   0x00000002   Code   RO          801    .text               c_w.l(use_no_semi.o)
    0x0800023a   0x0800023a   0x00000000   Code   RO          803    .text               c_w.l(indicate_semi.o)
    0x0800023a   0x0800023a   0x00000002   PAD
    0x0800023c   0x0800023c   0x0000018c   Code   RO          607    i.CAN_Mode_Init     can.o
    0x080003c8   0x080003c8   0x000000d8   Code   RO          610    i.CAN_Rx_Msg        can.o
    0x080004a0   0x080004a0   0x00000030   Code   RO          459    i.EXTI0_IRQHandler  exti.o
    0x080004d0   0x080004d0   0x00000028   Code   RO          460    i.EXTI1_IRQHandler  exti.o
    0x080004f8   0x080004f8   0x0000000c   Code   RO          461    i.EXTI2_IRQHandler  exti.o
    0x08000504   0x08000504   0x0000000c   Code   RO          462    i.EXTI3_IRQHandler  exti.o
    0x08000510   0x08000510   0x0000000c   Code   RO          463    i.EXTI4_IRQHandler  exti.o
    0x0800051c   0x0800051c   0x00000030   Code   RO          117    i.JTAG_Set          sys.o
    0x0800054c   0x0800054c   0x00000034   Code   RO          507    i.LCD_Set_Pos       oled.o
    0x08000580   0x08000580   0x00000068   Code   RO          118    i.MYRCC_DeInit      sys.o
    0x080005e8   0x080005e8   0x00000078   Code   RO          119    i.MY_NVIC_Init      sys.o
    0x08000660   0x08000660   0x00000028   Code   RO          120    i.MY_NVIC_PriorityGroupConfig  sys.o
    0x08000688   0x08000688   0x00000014   Code   RO          121    i.MY_NVIC_SetVectorTable  sys.o
    0x0800069c   0x0800069c   0x00000030   Code   RO          508    i.OLED_Clear        oled.o
    0x080006cc   0x080006cc   0x00000090   Code   RO          511    i.OLED_DrawPoint    oled.o
    0x0800075c   0x0800075c   0x000000d0   Code   RO          513    i.OLED_Init         oled.o
    0x0800082c   0x0800082c   0x0000004c   Code   RO          514    i.OLED_Refresh_Gram  oled.o
    0x08000878   0x08000878   0x000000a8   Code   RO          516    i.OLED_ShowChar     oled.o
    0x08000920   0x08000920   0x00000094   Code   RO          517    i.OLED_ShowNum      oled.o
    0x080009b4   0x080009b4   0x00000044   Code   RO          518    i.OLED_ShowString   oled.o
    0x080009f8   0x080009f8   0x00000040   Code   RO          519    i.OLED_WR_Byte      oled.o
    0x08000a38   0x08000a38   0x00000390   Code   RO          247    i.PORT_Init         port.o
    0x08000dc8   0x08000dc8   0x000000b0   Code   RO          262    i.SPI1_Init         spi.o
    0x08000e78   0x08000e78   0x00000054   Code   RO          263    i.SPI1_ReadWriteByte  spi.o
    0x08000ecc   0x08000ecc   0x00000090   Code   RO          122    i.Stm32_Clock_Init  sys.o
    0x08000f5c   0x08000f5c   0x0000001c   Code   RO          394    i.SysTick_Handler   systick.o
    0x08000f78   0x08000f78   0x000000b4   Code   RO          422    i.TIM2_IRQHandler   timer.o
    0x0800102c   0x0800102c   0x00000018   Code   RO          423    i.TIM3_IRQHandler   timer.o
    0x08001044   0x08001044   0x00000050   Code   RO          425    i.Timer2_Init       timer.o
    0x08001094   0x08001094   0x0000003c   Code   RO          198    i.UART1ComReply     usart.o
    0x080010d0   0x080010d0   0x00000100   Code   RO          200    i.USART1_IRQHandler  usart.o
    0x080011d0   0x080011d0   0x000001a8   Code   RO          201    i.USART2_IRQHandler  usart.o
    0x08001378   0x08001378   0x00000034   Code   RO          614    i.USB_LP_CAN1_RX0_IRQHandler  can.o
    0x080013ac   0x080013ac   0x00000018   Code   RO           92    i.delay_ms          delay.o
    0x080013c4   0x080013c4   0x0000001a   Code   RO           93    i.delay_us          delay.o
    0x080013de   0x080013de   0x00000016   Code   RO           10    i.hex2char          stepmotor_armv5.o
    0x080013f4   0x080013f4   0x00000378   Code   RO           11    i.main              stepmotor_armv5.o
    0x0800176c   0x0800176c   0x00000016   Code   RO          520    i.oled_pow          oled.o
    0x08001782   0x08001782   0x00000002   PAD
    0x08001784   0x08001784   0x000000e4   Code   RO          203    i.uart_init2        usart.o
    0x08001868   0x08001868   0x000000c4   Code   RO          676    x$fpl$fadd          fz_ws.l(faddsub_clz.o)
    0x0800192c   0x0800192c   0x00000184   Code   RO          683    x$fpl$fdiv          fz_ws.l(fdiv.o)
    0x08001ab0   0x08001ab0   0x0000003e   Code   RO          686    x$fpl$ffixu         fz_ws.l(ffixu.o)
    0x08001aee   0x08001aee   0x00000002   PAD
    0x08001af0   0x08001af0   0x00000026   Code   RO          690    x$fpl$ffltu         fz_ws.l(fflt_clz.o)
    0x08001b16   0x08001b16   0x00000002   PAD
    0x08001b18   0x08001b18   0x00000102   Code   RO          696    x$fpl$fmul          fz_ws.l(fmul.o)
    0x08001c1a   0x08001c1a   0x0000008c   Code   RO          699    x$fpl$fnaninf       fz_ws.l(fnaninf.o)
    0x08001ca6   0x08001ca6   0x0000000a   Code   RO          701    x$fpl$fretinf       fz_ws.l(fretinf.o)
    0x08001cb0   0x08001cb0   0x00000014   Code   RO          677    x$fpl$frsb          fz_ws.l(faddsub_clz.o)
    0x08001cc4   0x08001cc4   0x000000ea   Code   RO          678    x$fpl$fsub          fz_ws.l(faddsub_clz.o)
    0x08001dae   0x08001dae   0x00000000   Code   RO          703    x$fpl$usenofp       fz_ws.l(usenofp.o)
    0x08001dae   0x08001dae   0x00000bc4   Data   RO          522    .constdata          oled.o
    0x08002972   0x08002972   0x00000002   PAD
    0x08002974   0x08002974   0x00000020   Data   RO          858    Region$$Table       anon$$obj.o


    Execution Region RW_IRAM1 (Exec base: 0x20000000, Load base: 0x08002994, Size: 0x00000d70, Max: 0x00002800, ABSOLUTE)

    Exec Addr    Load Addr    Size         Type   Attr      Idx    E Section Name        Object

    0x20000000   0x08002994   0x0000002b   Data   RW           13    .data               stepmotor_armv5.o
    0x2000002b   0x080029bf   0x00000001   PAD
    0x2000002c   0x080029c0   0x0000001c   Data   RW          205    .data               usart.o
    0x20000048   0x080029dc   0x00000011   Data   RW          397    .data               systick.o
    0x20000059   0x080029ed   0x00000003   PAD
    0x2000005c   0x080029f0   0x00000010   Data   RW          426    .data               timer.o
    0x2000006c   0x08002a00   0x00000003   Data   RW          465    .data               exti.o
    0x2000006f   0x08002a03   0x00000001   PAD
    0x20000070   0x08002a04   0x0000000c   Data   RW          615    .data               can.o
    0x2000007c        -       0x00000050   Zero   RW           12    .bss                stepmotor_armv5.o
    0x200000cc        -       0x00000240   Zero   RW          204    .bss                usart.o
    0x2000030c        -       0x00000400   Zero   RW          521    .bss                oled.o
    0x2000070c        -       0x00000060   Zero   RW          730    .bss                c_w.l(libspace.o)
    0x2000076c   0x08002a10   0x00000004   PAD
    0x20000770        -       0x00000200   Zero   RW            2    HEAP                startup_stm32f10x_ld.o
    0x20000970        -       0x00000400   Zero   RW            1    STACK               startup_stm32f10x_ld.o


==============================================================================

Image component sizes


      Code (inc. data)   RO Data    RW Data    ZI Data      Debug   Object Name

       664         40          0         12          0       2653   can.o
        50          0          0          0          0        946   delay.o
       124         36          0          3          0       2342   exti.o
       998         40       3012          0       1024       7309   oled.o
       912         20          0          0          0        768   port.o
       260         22          0          0          0       1077   spi.o
        56         22        236          0       1536        804   startup_stm32f10x_ld.o
       910        106          0         43         80     208978   stepmotor_armv5.o
       476         54          0          0          0       3203   sys.o
        28          4          0         17          0       1488   systick.o
       284         38          0         16          0       1741   timer.o
       968        128          0         28        576       3906   usart.o

    ----------------------------------------------------------------------
      5732        510       3282        124       3216     235215   Object Totals
         0          0         32          0          0          0   (incl. Generated)
         2          0          2          5          0          0   (incl. Padding)

    ----------------------------------------------------------------------

      Code (inc. data)   RO Data    RW Data    ZI Data      Debug   Library Member Name

         8          0          0          0          0         68   __main.o
         0          0          0          0          0          0   __rtentry.o
        12          0          0          0          0          0   __rtentry2.o
         6          0          0          0          0          0   __rtentry4.o
        52          8          0          0          0          0   __scatter.o
        26          0          0          0          0          0   __scatter_copy.o
        28          0          0          0          0          0   __scatter_zi.o
        18          0          0          0          0         80   exit.o
         6          0          0          0          0        152   heapauxi.o
         0          0          0          0          0          0   indicate_semi.o
         2          0          0          0          0          0   libinit.o
         2          0          0          0          0          0   libinit2.o
         2          0          0          0          0          0   libshutdown.o
         2          0          0          0          0          0   libshutdown2.o
         8          4          0          0         96         68   libspace.o
         2          0          0          0          0          0   rtexit.o
        10          0          0          0          0          0   rtexit2.o
        12          4          0          0          0         68   sys_exit.o
        74          0          0          0          0         80   sys_stackheap_outer.o
         2          0          0          0          0         68   use_no_semi.o
       450          8          0          0          0        236   faddsub_clz.o
       388         76          0          0          0         96   fdiv.o
        62          4          0          0          0         84   ffixu.o
        38          0          0          0          0         68   fflt_clz.o
       258          4          0          0          0         84   fmul.o
       140          4          0          0          0         84   fnaninf.o
        10          0          0          0          0         68   fretinf.o
         0          0          0          0          0          0   usenofp.o

    ----------------------------------------------------------------------
      1630        112          0          0        100       1304   Library Totals
        12          0          0          0          4          0   (incl. Padding)

    ----------------------------------------------------------------------

      Code (inc. data)   RO Data    RW Data    ZI Data      Debug   Library Name

       272         16          0          0         96        584   c_w.l
      1346         96          0          0          0        720   fz_ws.l

    ----------------------------------------------------------------------
      1630        112          0          0        100       1304   Library Totals

    ----------------------------------------------------------------------

==============================================================================


      Code (inc. data)   RO Data    RW Data    ZI Data      Debug   

      7362        622       3282        124       3316     234019   Grand Totals
      7362        622       3282        124       3316     234019   ELF Image Totals
      7362        622       3282        124          0          0   ROM Totals

==============================================================================

    Total RO  Size (Code + RO Data)                10644 (  10.39kB)
    Total RW  Size (RW Data + ZI Data)              3440 (   3.36kB)
    Total ROM Size (Code + RO Data + RW Data)      10768 (  10.52kB)

==============================================================================

